Archive member included to satisfy reference by file (symbol)

c:/program files (x86)/gnu tools arm embedded/5.4 2016q3/bin/../lib/gcc/arm-none-eabi/5.4.1/../../../../arm-none-eabi/lib/armv7e-m/fpu\libm.a(lib_a-s_atan.o)
                              ..\obj\bw_cmps11.o (atan)
c:/program files (x86)/gnu tools arm embedded/5.4 2016q3/bin/../lib/gcc/arm-none-eabi/5.4.1/../../../../arm-none-eabi/lib/armv7e-m/fpu\libm.a(lib_a-s_cos.o)
                              ..\obj\bw_dynamixel_hexapod_cmd.o (cos)
c:/program files (x86)/gnu tools arm embedded/5.4 2016q3/bin/../lib/gcc/arm-none-eabi/5.4.1/../../../../arm-none-eabi/lib/armv7e-m/fpu\libm.a(lib_a-s_fabs.o)
                              c:/program files (x86)/gnu tools arm embedded/5.4 2016q3/bin/../lib/gcc/arm-none-eabi/5.4.1/../../../../arm-none-eabi/lib/armv7e-m/fpu\libm.a(lib_a-s_atan.o) (fabs)
c:/program files (x86)/gnu tools arm embedded/5.4 2016q3/bin/../lib/gcc/arm-none-eabi/5.4.1/../../../../arm-none-eabi/lib/armv7e-m/fpu\libm.a(lib_a-s_sin.o)
                              ..\obj\bw_dynamixel_hexapod_cmd.o (sin)
c:/program files (x86)/gnu tools arm embedded/5.4 2016q3/bin/../lib/gcc/arm-none-eabi/5.4.1/../../../../arm-none-eabi/lib/armv7e-m/fpu\libm.a(lib_a-w_acos.o)
                              ..\obj\bw_dynamixel_hexapod_cmd.o (acos)
c:/program files (x86)/gnu tools arm embedded/5.4 2016q3/bin/../lib/gcc/arm-none-eabi/5.4.1/../../../../arm-none-eabi/lib/armv7e-m/fpu\libm.a(lib_a-w_atan2.o)
                              ..\obj\bw_dynamixel_hexapod_cmd.o (atan2)
c:/program files (x86)/gnu tools arm embedded/5.4 2016q3/bin/../lib/gcc/arm-none-eabi/5.4.1/../../../../arm-none-eabi/lib/armv7e-m/fpu\libm.a(lib_a-w_pow.o)
                              ..\obj\bw_dynamixel_hexapod_cmd.o (pow)
c:/program files (x86)/gnu tools arm embedded/5.4 2016q3/bin/../lib/gcc/arm-none-eabi/5.4.1/../../../../arm-none-eabi/lib/armv7e-m/fpu\libm.a(lib_a-w_sqrt.o)
                              ..\obj\bw_dynamixel_hexapod_cmd.o (sqrt)
c:/program files (x86)/gnu tools arm embedded/5.4 2016q3/bin/../lib/gcc/arm-none-eabi/5.4.1/../../../../arm-none-eabi/lib/armv7e-m/fpu\libm.a(lib_a-e_acos.o)
                              c:/program files (x86)/gnu tools arm embedded/5.4 2016q3/bin/../lib/gcc/arm-none-eabi/5.4.1/../../../../arm-none-eabi/lib/armv7e-m/fpu\libm.a(lib_a-w_acos.o) (__ieee754_acos)
c:/program files (x86)/gnu tools arm embedded/5.4 2016q3/bin/../lib/gcc/arm-none-eabi/5.4.1/../../../../arm-none-eabi/lib/armv7e-m/fpu\libm.a(lib_a-e_atan2.o)
                              c:/program files (x86)/gnu tools arm embedded/5.4 2016q3/bin/../lib/gcc/arm-none-eabi/5.4.1/../../../../arm-none-eabi/lib/armv7e-m/fpu\libm.a(lib_a-w_atan2.o) (__ieee754_atan2)
c:/program files (x86)/gnu tools arm embedded/5.4 2016q3/bin/../lib/gcc/arm-none-eabi/5.4.1/../../../../arm-none-eabi/lib/armv7e-m/fpu\libm.a(lib_a-e_pow.o)
                              c:/program files (x86)/gnu tools arm embedded/5.4 2016q3/bin/../lib/gcc/arm-none-eabi/5.4.1/../../../../arm-none-eabi/lib/armv7e-m/fpu\libm.a(lib_a-w_pow.o) (__ieee754_pow)
c:/program files (x86)/gnu tools arm embedded/5.4 2016q3/bin/../lib/gcc/arm-none-eabi/5.4.1/../../../../arm-none-eabi/lib/armv7e-m/fpu\libm.a(lib_a-e_rem_pio2.o)
                              c:/program files (x86)/gnu tools arm embedded/5.4 2016q3/bin/../lib/gcc/arm-none-eabi/5.4.1/../../../../arm-none-eabi/lib/armv7e-m/fpu\libm.a(lib_a-s_cos.o) (__ieee754_rem_pio2)
c:/program files (x86)/gnu tools arm embedded/5.4 2016q3/bin/../lib/gcc/arm-none-eabi/5.4.1/../../../../arm-none-eabi/lib/armv7e-m/fpu\libm.a(lib_a-e_sqrt.o)
                              c:/program files (x86)/gnu tools arm embedded/5.4 2016q3/bin/../lib/gcc/arm-none-eabi/5.4.1/../../../../arm-none-eabi/lib/armv7e-m/fpu\libm.a(lib_a-w_sqrt.o) (__ieee754_sqrt)
c:/program files (x86)/gnu tools arm embedded/5.4 2016q3/bin/../lib/gcc/arm-none-eabi/5.4.1/../../../../arm-none-eabi/lib/armv7e-m/fpu\libm.a(lib_a-k_cos.o)
                              c:/program files (x86)/gnu tools arm embedded/5.4 2016q3/bin/../lib/gcc/arm-none-eabi/5.4.1/../../../../arm-none-eabi/lib/armv7e-m/fpu\libm.a(lib_a-s_cos.o) (__kernel_cos)
c:/program files (x86)/gnu tools arm embedded/5.4 2016q3/bin/../lib/gcc/arm-none-eabi/5.4.1/../../../../arm-none-eabi/lib/armv7e-m/fpu\libm.a(lib_a-k_rem_pio2.o)
                              c:/program files (x86)/gnu tools arm embedded/5.4 2016q3/bin/../lib/gcc/arm-none-eabi/5.4.1/../../../../arm-none-eabi/lib/armv7e-m/fpu\libm.a(lib_a-e_rem_pio2.o) (__kernel_rem_pio2)
c:/program files (x86)/gnu tools arm embedded/5.4 2016q3/bin/../lib/gcc/arm-none-eabi/5.4.1/../../../../arm-none-eabi/lib/armv7e-m/fpu\libm.a(lib_a-k_sin.o)
                              c:/program files (x86)/gnu tools arm embedded/5.4 2016q3/bin/../lib/gcc/arm-none-eabi/5.4.1/../../../../arm-none-eabi/lib/armv7e-m/fpu\libm.a(lib_a-s_cos.o) (__kernel_sin)
[...]
Memory Configuration

Name             Origin             Length             Attributes
rom              0x08000000         0x00100000         xr
ram              0x20000000         0x00020000         xrw
ram1             0x10000000         0x00010000         xrw
*default*        0x00000000         0xffffffff

Linker script and memory map

LOAD c:/program files (x86)/gnu tools arm embedded/5.4 2016q3/bin/../lib/gcc/arm-none-eabi/5.4.1/armv7e-m/fpu/crti.o
LOAD c:/program files (x86)/gnu tools arm embedded/5.4 2016q3/bin/../lib/gcc/arm-none-eabi/5.4.1/armv7e-m/fpu/crtbegin.o
LOAD c:/program files (x86)/gnu tools arm embedded/5.4 2016q3/bin/../lib/gcc/arm-none-eabi/5.4.1/../../../../arm-none-eabi/lib/armv7e-m/fpu/crt0.o
                0x20020000                _eram = 0x20020000

.text           0x08000000    0x52245
 *(.isr_vector)
 .isr_vector    0x08000000      0x188 ..\obj\startup_stm32f4xx.o
                0x08000000                g_pfnVectors
 *(.text*)
 .text          0x08000188       0x5c c:/program files (x86)/gnu tools arm embedded/5.4 2016q3/bin/../lib/gcc/arm-none-eabi/5.4.1/armv7e-m/fpu/crtbegin.o
 .text.Dynamixel_USART2_Init
                0x080001e4       0xd0 ..\obj\bw_dynamixel_ax_12a.o
                0x080001e4                Dynamixel_USART2_Init
 .text.USART_TimeOut
                0x080002b4       0x30 ..\obj\bw_dynamixel_ax_12a.o
                0x080002b4                USART_TimeOut
 .text.Dynamx_Send
                0x080002e4       0xd4 ..\obj\bw_dynamixel_ax_12a.o
                0x080002e4                Dynamx_Send
 .text.Dyna_Slope
                0x080003b8       0xb0 ..\obj\bw_dynamixel_ax_12a.o
                0x080003b8                Dyna_Slope
 .text.setPunch
                0x08000468       0xa4 ..\obj\bw_dynamixel_ax_12a.o
                0x08000468                setPunch
 .text.Dyna_Actuate
                0x0800050c      0x104 ..\obj\bw_dynamixel_ax_12a.o
                0x0800050c                Dyna_Actuate
 .text.SetMaxTorque
                0x08000610       0xb0 ..\obj\bw_dynamixel_ax_12a.o
                0x08000610                SetMaxTorque
 .text.Start_Pose_SYNC
                0x080006c0      0x138 ..\obj\bw_dynamixel_ax_12a.o
                0x080006c0                Start_Pose_SYNC
 .text.USART2_IRQHandler
                0x080007f8       0x78 ..\obj\bw_dynamixel_ax_12a.o
                0x080007f8                USART2_IRQHandler
 .text.USART1_Init_Tracer
                0x08000870       0xcc ..\obj\bw_usart_comm.o
                0x08000870                USART1_Init_Tracer
 .text.USART1_IRQHandler
                0x0800093c      0x40c ..\obj\bw_usart_comm.o
                0x0800093c                USART1_IRQHandler
 .text.Sendto_PC
                0x08000d48       0x18 ..\obj\bw_usart_comm.o
                0x08000d48                Sendto_PC
 .text.TCS3200_Transmit
                0x08000d60       0x84 ..\obj\bw_usart_comm.o
                0x08000d60                TCS3200_Transmit
 .text.BW_I2C_LCD_Init
                0x08000de4       0xac ..\obj\bw_i2c_lcd.o
                0x08000de4                BW_I2C_LCD_Init
 .text.I2C1_WriteByte_LCD
                0x08000e90      0x128 ..\obj\bw_i2c_lcd.o
                0x08000e90                I2C1_WriteByte_LCD
 .text.I2C1_TimeOut_LCD
                0x08000fb8       0x48 ..\obj\bw_i2c_lcd.o
                0x08000fb8                I2C1_TimeOut_LCD
 .text.PCF8574_WriteI2C
                0x08001000       0x5c ..\obj\bw_i2c_lcd.o
                0x08001000                PCF8574_WriteI2C
 .text.PCF8574_Send_Nibble
                0x0800105c       0x38 ..\obj\bw_i2c_lcd.o
                0x0800105c                PCF8574_Send_Nibble
 .text.PCF8574_Send
                0x08001094       0x40 ..\obj\bw_i2c_lcd.o
                0x08001094                PCF8574_Send
 .text.PCF8574_Command
                0x080010d4       0x1c ..\obj\bw_i2c_lcd.o
                0x080010d4                PCF8574_Command
 .text.PCF8574_Write
                0x080010f0       0x1c ..\obj\bw_i2c_lcd.o
                0x080010f0                PCF8574_Write
 .text.PCF8574_LCD_putch
                0x0800110c       0x20 ..\obj\bw_i2c_lcd.o
                0x0800110c                PCF8574_LCD_putch
 .text.LiquidCrystal_PCF8574
                0x0800112c       0x2c ..\obj\bw_i2c_lcd.o
                0x0800112c                LiquidCrystal_PCF8574
 .text.PCF8574_begin_LCD
                0x08001158       0xec ..\obj\bw_i2c_lcd.o
                0x08001158                PCF8574_begin_LCD
 .text.PCF8574_LCD_CursorOff
                0x08001244       0x2c ..\obj\bw_i2c_lcd.o
                0x08001244                PCF8574_LCD_CursorOff
 .text.PCF8574_LCD_DisplayOn
                0x08001270       0x2c ..\obj\bw_i2c_lcd.o
                0x08001270                PCF8574_LCD_DisplayOn
 .text.PCF8574_LCD_gotoxy
                0x0800129c       0x6c ..\obj\bw_i2c_lcd.o
                0x0800129c                PCF8574_LCD_gotoxy
 .text.PCF8574_LCD_Clear
                0x08001308       0x18 ..\obj\bw_i2c_lcd.o
                0x08001308                PCF8574_LCD_Clear
 .text.BW_Read_I2C2
                0x08001320      0x258 ..\obj\BW_I2C_EEPROM.o
                0x08001320                BW_Read_I2C2
 .text.Load_CMPS_DATA
                0x08001578      0x238 ..\obj\BW_I2C_EEPROM.o
                0x08001578                Load_CMPS_DATA
 .text.Load_CAT_MIN_DATA
                0x080017b0       0x28 ..\obj\BW_I2C_EEPROM.o
                0x080017b0                Load_CAT_MIN_DATA
 .text.I2C2_TimeOut
                0x080017d8       0x3c ..\obj\BW_I2C_EEPROM.o
                0x080017d8                I2C2_TimeOut
 .text.USART_DeInit
                0x08001814       0xd4 ..\obj\stm32f4xx_usart.o
                0x08001814                USART_DeInit
 .text.USART_Init
                0x080018e8      0x174 ..\obj\stm32f4xx_usart.o
                0x080018e8                USART_Init
 .text.USART_Cmd
                0x08001a5c       0x40 ..\obj\stm32f4xx_usart.o
                0x08001a5c                USART_Cmd
 .text.USART_SendData
                0x08001a9c       0x24 ..\obj\stm32f4xx_usart.o
                0x08001a9c                USART_SendData
 .text.USART_ITConfig
                0x08001ac0       0x90 ..\obj\stm32f4xx_usart.o
                0x08001ac0                USART_ITConfig
 .text.USART_GetFlagStatus
                0x08001b50       0x38 ..\obj\stm32f4xx_usart.o
                0x08001b50                USART_GetFlagStatus
 .text.USART_ClearFlag
                0x08001b88       0x24 ..\obj\stm32f4xx_usart.o
                0x08001b88                USART_ClearFlag
 .text.USART_GetITStatus
                0x08001bac       0xb8 ..\obj\stm32f4xx_usart.o
                0x08001bac                USART_GetITStatus
 .text.RotSwitch_Init
                0x08001c64       0xb8 ..\obj\bw_rotary_switch.o
                0x08001c64                RotSwitch_Init
 .text.RotSwitch_Sampling
                0x08001d1c       0xc4 ..\obj\bw_rotary_switch.o
                0x08001d1c                RotSwitch_Sampling
 .text.Display_MODE
                0x08001de0      0x194 ..\obj\bw_rotary_switch.o
                0x08001de0                Display_MODE
 .text.Button_Init
                0x08001f74       0x10 ..\obj\bw_user_interface.o
                0x08001f74                Button_Init
 .text.StartButton_Init
                0x08001f84       0x40 ..\obj\bw_user_interface.o
                0x08001f84                StartButton_Init
 .text.UserButton_Init
                0x08001fc4       0x6c ..\obj\bw_user_interface.o
                0x08001fc4                UserButton_Init
 .text.BW_Buzz  0x08002030       0x14 ..\obj\bw_user_interface.o
                0x08002030                BW_Buzz
 .text.FIRE_LED_Init
                0x08002044       0x40 ..\obj\bw_user_interface.o
                0x08002044                FIRE_LED_Init
 .text.TCS_GRIPPER_LED_Init
                0x08002084       0x40 ..\obj\bw_user_interface.o
                0x08002084                TCS_GRIPPER_LED_Init
 .text.SND_ACT_LED_Init
                0x080020c4       0x40 ..\obj\bw_user_interface.o
                0x080020c4                SND_ACT_LED_Init
 .text.BW_LED_Interrupt_Init
                0x08002104       0x68 ..\obj\bw_user_interface.o
                0x08002104                BW_LED_Interrupt_Init
 .text.TIM5_IRQHandler
                0x0800216c       0xf0 ..\obj\bw_user_interface.o
                0x0800216c                TIM5_IRQHandler
 .text.BW_Initial_Setup
                0x0800225c       0xb0 ..\obj\bw_user_interface.o
                0x0800225c                BW_Initial_Setup
 .text.Default_Reset_Handler
                0x0800230c       0x6c ..\obj\startup_stm32f4xx.o
                0x0800230c                Default_Reset_Handler
                0x0800230c                Reset_Handler
 .text.Default_Handler
                0x08002378        0x8 ..\obj\startup_stm32f4xx.o
                0x08002378                RTC_Alarm_IRQHandler
                0x08002378                HASH_RNG_IRQHandler
                0x08002378                EXTI2_IRQHandler
                0x08002378                TIM8_CC_IRQHandler
                0x08002378                DebugMon_Handler
                0x08002378                TIM1_CC_IRQHandler
                0x08002378                DMA2_Stream5_IRQHandler
                0x08002378                HardFault_Handler
                0x08002378                DMA1_Stream5_IRQHandler
                0x08002378                PVD_IRQHandler
                0x08002378                SDIO_IRQHandler
                0x08002378                TAMP_STAMP_IRQHandler
                0x08002378                PendSV_Handler
                0x08002378                NMI_Handler
                0x08002378                CAN2_RX1_IRQHandler
                0x08002378                EXTI3_IRQHandler
                0x08002378                TIM8_TRG_COM_TIM14_IRQHandler
                0x08002378                TIM1_UP_TIM10_IRQHandler
                0x08002378                TIM8_UP_TIM13_IRQHandler
                0x08002378                I2C3_ER_IRQHandler
                0x08002378                EXTI0_IRQHandler
                0x08002378                I2C2_EV_IRQHandler
                0x08002378                DMA1_Stream2_IRQHandler
                0x08002378                CAN1_RX0_IRQHandler
                0x08002378                FPU_IRQHandler
                0x08002378                OTG_HS_WKUP_IRQHandler
                0x08002378                UsageFault_Handler
                0x08002378                CAN2_SCE_IRQHandler
                0x08002378                DMA2_Stream2_IRQHandler
                0x08002378                SPI1_IRQHandler
                0x08002378                TIM6_DAC_IRQHandler
                0x08002378                TIM1_BRK_TIM9_IRQHandler
                0x08002378                DCMI_IRQHandler
                0x08002378                CAN2_RX0_IRQHandler
                0x08002378                DMA2_Stream3_IRQHandler
                0x08002378                USART6_IRQHandler
                0x08002378                CRYP_IRQHandler
                0x08002378                CAN1_RX1_IRQHandler
                0x08002378                UART5_IRQHandler
                0x08002378                DMA2_Stream0_IRQHandler
                0x08002378                I2C1_EV_IRQHandler
                0x08002378                DMA1_Stream6_IRQHandler
                0x08002378                DMA1_Stream1_IRQHandler
                0x08002378                RCC_IRQHandler
                0x08002378                TIM8_BRK_TIM12_IRQHandler
                0x08002378                EXTI15_10_IRQHandler
                0x08002378                ADC_IRQHandler
                0x08002378                DMA1_Stream7_IRQHandler
                0x08002378                TIM7_IRQHandler
                0x08002378                CAN2_TX_IRQHandler
                0x08002378                DMA2_Stream7_IRQHandler
                0x08002378                I2C3_EV_IRQHandler
                0x08002378                EXTI9_5_IRQHandler
                0x08002378                RTC_WKUP_IRQHandler
                0x08002378                ETH_WKUP_IRQHandler
                0x08002378                SPI2_IRQHandler
                0x08002378                OTG_HS_EP1_IN_IRQHandler
                0x08002378                MemManage_Handler
                0x08002378                DMA1_Stream0_IRQHandler
                0x08002378                CAN1_TX_IRQHandler
                0x08002378                SVC_Handler
                0x08002378                EXTI4_IRQHandler
                0x08002378                FSMC_IRQHandler
                0x08002378                ETH_IRQHandler
                0x08002378                OTG_HS_EP1_OUT_IRQHandler
                0x08002378                WWDG_IRQHandler
                0x08002378                TIM2_IRQHandler
                0x08002378                OTG_FS_WKUP_IRQHandler
                0x08002378                TIM1_TRG_COM_TIM11_IRQHandler
                0x08002378                OTG_HS_IRQHandler
                0x08002378                EXTI1_IRQHandler
                0x08002378                I2C2_ER_IRQHandler
                0x08002378                DMA2_Stream1_IRQHandler
                0x08002378                CAN1_SCE_IRQHandler
                0x08002378                FLASH_IRQHandler
                0x08002378                DMA2_Stream4_IRQHandler
                0x08002378                BusFault_Handler
                0x08002378                OTG_FS_IRQHandler
                0x08002378                SPI3_IRQHandler
                0x08002378                DMA1_Stream4_IRQHandler
                0x08002378                I2C1_ER_IRQHandler
                0x08002378                DMA2_Stream6_IRQHandler
                0x08002378                DMA1_Stream3_IRQHandler
 .text.Servo_PWM_Config
                0x08002380      0x110 ..\obj\mz_servo_pwm.o
                0x08002380                Servo_PWM_Config
 .text.Servo_PWM_Set_Angle
                0x08002490       0x58 ..\obj\mz_servo_pwm.o
                0x08002490                Servo_PWM_Set_Angle
 .text.Gripper_PWM_Trial_Button
                0x080024e8      0x250 ..\obj\mz_servo_pwm.o
                0x080024e8                Gripper_PWM_Trial_Button
 .text.Gripper_Down_K1
                0x08002738       0x1c ..\obj\mz_servo_pwm.o
                0x08002738                Gripper_Down_K1
 .text.Gripper_Up_K1
                0x08002754       0x1c ..\obj\mz_servo_pwm.o
                0x08002754                Gripper_Up_K1
 .text.Gripper_Open_K1
                0x08002770       0x14 ..\obj\mz_servo_pwm.o
                0x08002770                Gripper_Open_K1
 .text.Gripper_Open_K3
                0x08002784       0x14 ..\obj\mz_servo_pwm.o
                0x08002784                Gripper_Open_K3
 .text.Gripper_Close_K1
                0x08002798       0x14 ..\obj\mz_servo_pwm.o
                0x08002798                Gripper_Close_K1
 .text.Gripper_Up_Calibration
                0x080027ac      0x27c ..\obj\mz_servo_pwm.o
                0x080027ac                Gripper_Up_Calibration
 .text.Gripper_Down_Calibration
                0x08002a28      0x27c ..\obj\mz_servo_pwm.o
                0x08002a28                Gripper_Down_Calibration
 .text.Gripper_Close_Calibration
                0x08002ca4      0x23c ..\obj\mz_servo_pwm.o
                0x08002ca4                Gripper_Close_Calibration
 .text.Gripper_Open_Calibration
                0x08002ee0      0x23c ..\obj\mz_servo_pwm.o
                0x08002ee0                Gripper_Open_Calibration
 .text.Gripper_Down_New
                0x0800311c       0xa0 ..\obj\mz_servo_pwm.o
                0x0800311c                Gripper_Down_New
 .text.Gripper_Up_New
                0x080031bc       0xa0 ..\obj\mz_servo_pwm.o
                0x080031bc                Gripper_Up_New
 .text.Gripper_Up_Dikit
                0x0800325c       0x58 ..\obj\mz_servo_pwm.o
                0x0800325c                Gripper_Up_Dikit
 .text.Gripper_Up_Full
                0x080032b4       0xa0 ..\obj\mz_servo_pwm.o
                0x080032b4                Gripper_Up_Full
 .text.Gripper_Down_SZ_T
                0x08003354       0x90 ..\obj\mz_servo_pwm.o
                0x08003354                Gripper_Down_SZ_T
 .text.main     0x080033e4      0xe64 ..\obj\main.o
                0x080033e4                main
 .text.BW_Initialization
                0x08004248      0x1b0 ..\obj\main.o
                0x08004248                BW_Initialization
 .text.BW_SystemCheck
                0x080043f8      0x6f8 ..\obj\main.o
                0x080043f8                BW_SystemCheck
 .text.RCC_GetClocksFreq
                0x08004af0      0x154 ..\obj\stm32f4xx_rcc.o
                0x08004af0                RCC_GetClocksFreq
 .text.RCC_AHB1PeriphClockCmd
                0x08004c44       0x40 ..\obj\stm32f4xx_rcc.o
                0x08004c44                RCC_AHB1PeriphClockCmd
 .text.RCC_APB1PeriphClockCmd
                0x08004c84       0x40 ..\obj\stm32f4xx_rcc.o
                0x08004c84                RCC_APB1PeriphClockCmd
 .text.RCC_APB2PeriphClockCmd
                0x08004cc4       0x40 ..\obj\stm32f4xx_rcc.o
                0x08004cc4                RCC_APB2PeriphClockCmd
 .text.RCC_APB1PeriphResetCmd
                0x08004d04       0x40 ..\obj\stm32f4xx_rcc.o
                0x08004d04                RCC_APB1PeriphResetCmd
 .text.RCC_APB2PeriphResetCmd
                0x08004d44       0x40 ..\obj\stm32f4xx_rcc.o
                0x08004d44                RCC_APB2PeriphResetCmd
 .text.RCC_GetFlagStatus
                0x08004d84       0x74 ..\obj\stm32f4xx_rcc.o
                0x08004d84                RCC_GetFlagStatus
 .text.RCC_ClearFlag
                0x08004df8       0x20 ..\obj\stm32f4xx_rcc.o
                0x08004df8                RCC_ClearFlag
 .text.USART3_Init
                0x08004e18       0xd0 ..\obj\bw_ping_receiver.o
                0x08004e18                USART3_Init
 .text.USART3_IRQHandler
                0x08004ee8      0x1c0 ..\obj\bw_ping_receiver.o
                0x08004ee8                USART3_IRQHandler
 .text.Display_Ping_Status
                0x080050a8      0x16c ..\obj\bw_ping_receiver.o
                0x080050a8                Display_Ping_Status
 .text.BW_Test_Menu
                0x08005214      0x2a4 ..\obj\bw_2021_algorithm.o
                0x08005214                BW_Test_Menu
 .text.Menu_Normal
                0x080054b8      0x968 ..\obj\bw_2021_algorithm.o
                0x080054b8                Menu_Normal
 .text.Menu_Obstaicle
                0x08005e20      0x88c ..\obj\bw_2021_algorithm.o
                0x08005e20                Menu_Obstaicle
 .text.Menu_Umum
                0x080066ac      0x330 ..\obj\bw_2021_algorithm.o
                0x080066ac                Menu_Umum
 .text.BW_Algorithm_2024
                0x080069dc       0xc8 ..\obj\bw_2021_algorithm.o
                0x080069dc                BW_Algorithm_2024
 .text.BW_Algorithm1_2023
                0x08006aa4       0xdc ..\obj\bw_2021_algorithm.o
                0x08006aa4                BW_Algorithm1_2023
 .text.Sensor_Menu
                0x08006b80      0x1a4 ..\obj\bw_2021_algorithm.o
                0x08006b80                Sensor_Menu
 .text.BW_FollowCounter_Right
                0x08006d24       0x68 ..\obj\bw_2021_algorithm.o
                0x08006d24                BW_FollowCounter_Right
 .text.PID_BW_FollowCounter_Right
                0x08006d8c      0x1ac ..\obj\bw_2021_algorithm.o
                0x08006d8c                PID_BW_FollowCounter_Right
 .text.BW_FollowCounter_Left
                0x08006f38       0x68 ..\obj\bw_2021_algorithm.o
                0x08006f38                BW_FollowCounter_Left
 .text.PID_BW_FollowCounter_Left
                0x08006fa0      0x1ac ..\obj\bw_2021_algorithm.o
                0x08006fa0                PID_BW_FollowCounter_Left
 .text.BW_FollowCounter_Left_Obs
                0x0800714c       0x5c ..\obj\bw_2021_algorithm.o
                0x0800714c                BW_FollowCounter_Left_Obs
 .text.PID_BW_FollowCounter_Left_Obs
                0x080071a8      0x100 ..\obj\bw_2021_algorithm.o
                0x080071a8                PID_BW_FollowCounter_Left_Obs
 .text.BW_FollowCounter_Right_Obs
                0x080072a8       0x60 ..\obj\bw_2021_algorithm.o
                0x080072a8                BW_FollowCounter_Right_Obs
 .text.PID_BW_FollowCounter_Right_Obs
                0x08007308      0x200 ..\obj\bw_2021_algorithm.o
                0x08007308                PID_BW_FollowCounter_Right_Obs
 .text.BW_Start_Compas_Correction_S2
                0x08007508       0x88 ..\obj\bw_2021_algorithm.o
                0x08007508                BW_Start_Compas_Correction_S2
 .text.BW_Mode_2
                0x08007590      0x670 ..\obj\bw_2021_algorithm.o
                0x08007590                BW_Mode_2
 .text.BW_FollowCounter_Right_Climbing
                0x08007c00       0x60 ..\obj\bw_2021_algorithm.o
                0x08007c00                BW_FollowCounter_Right_Climbing
 .text.PID_BW_FollowCounter_Right_Climbing
                0x08007c60      0x144 ..\obj\bw_2021_algorithm.o
                0x08007c60                PID_BW_FollowCounter_Right_Climbing
 .text.Home_To_K1_S2
                0x08007da4      0x48c ..\obj\bw_2021_algorithm.o
                0x08007da4                Home_To_K1_S2
 .text.SZ1_To_K2_S2
                0x08008230      0x83c ..\obj\bw_2021_algorithm.o
                0x08008230                SZ1_To_K2_S2
 .text.SZ2_To_K3_S2
                0x08008a6c      0x168 ..\obj\bw_2021_algorithm.o
                0x08008a6c                SZ2_To_K3_S2
 .text.K3_To_SZ4
                0x08008bd4      0x3b8 ..\obj\bw_2021_algorithm.o
                0x08008bd4                K3_To_SZ4
 .text.K5_To_Finish
                0x08008f8c      0x270 ..\obj\bw_2021_algorithm.o
                0x08008f8c                K5_To_Finish
 .text.SCAN_KORBAN
                0x080091fc       0xfc ..\obj\bw_2021_algorithm.o
                0x080091fc                SCAN_KORBAN
 .text.SCAN_KORBAN_K5
                0x080092f8      0x124 ..\obj\bw_2021_algorithm.o
                0x080092f8                SCAN_KORBAN_K5
 .text.SCAN_KORBAN_OBS
                0x0800941c       0xec ..\obj\bw_2021_algorithm.o
                0x0800941c                SCAN_KORBAN_OBS
 .text.SCAN_KORBAN_OBS_S2
                0x08009508       0xb4 ..\obj\bw_2021_algorithm.o
                0x08009508                SCAN_KORBAN_OBS_S2
 .text.TES_ROT_CMPS
                0x080095bc       0x84 ..\obj\bw_2021_algorithm.o
                0x080095bc                TES_ROT_CMPS
 .text.Home_To_K1_Meiro
                0x08009640      0x730 ..\obj\bw_2021_algorithm.o
                0x08009640                Home_To_K1_Meiro
 .text.SZ1_To_K2_Meiro
                0x08009d70      0x6c4 ..\obj\bw_2021_algorithm.o
                0x08009d70                SZ1_To_K2_Meiro
 .text.SZ2_To_K3_Meiro
                0x0800a434      0x298 ..\obj\bw_2021_algorithm.o
                0x0800a434                SZ2_To_K3_Meiro
 .text.SZ3_To_K5_Meiro
                0x0800a6cc      0x17c ..\obj\bw_2021_algorithm.o
                0x0800a6cc                SZ3_To_K5_Meiro
 .text.K5_To_Finish_Meiro
                0x0800a848      0x400 ..\obj\bw_2021_algorithm.o
                0x0800a848                K5_To_Finish_Meiro
 .text.BW_Sound_Activation_Init
                0x0800ac48       0x40 ..\obj\bw_sound_activation.o
                0x0800ac48                BW_Sound_Activation_Init
 .text.BW_Extinguisher_Init
                0x0800ac88       0x1c ..\obj\bw_extinguisher.o
                0x0800ac88                BW_Extinguisher_Init
 .text.Pump_GPIOInit
                0x0800aca4       0x40 ..\obj\bw_extinguisher.o
                0x0800aca4                Pump_GPIOInit
 .text.DynaExt  0x0800ace4       0x28 ..\obj\bw_extinguisher.o
                0x0800ace4                DynaExt
 .text.CO2_LAUNCHER
                0x0800ad0c       0x38 ..\obj\bw_extinguisher.o
                0x0800ad0c                CO2_LAUNCHER
 .text.BW_Pump_R4
                0x0800ad44      0x21c ..\obj\bw_extinguisher.o
                0x0800ad44                BW_Pump_R4
 .text.BW_HydroPump_V10
                0x0800af60       0x18 ..\obj\bw_extinguisher.o
                0x0800af60                BW_HydroPump_V10
 .text.ADC_Init
                0x0800af78       0xac ..\obj\stm32f4xx_adc.o
                0x0800af78                ADC_Init
 .text.ADC_CommonInit
                0x0800b024       0x50 ..\obj\stm32f4xx_adc.o
                0x0800b024                ADC_CommonInit
 .text.ADC_Cmd  0x0800b074       0x38 ..\obj\stm32f4xx_adc.o
                0x0800b074                ADC_Cmd
 .text.ADC_RegularChannelConfig
                0x0800b0ac      0x194 ..\obj\stm32f4xx_adc.o
                0x0800b0ac                ADC_RegularChannelConfig
 .text.ADC_SoftwareStartConv
                0x0800b240       0x20 ..\obj\stm32f4xx_adc.o
                0x0800b240                ADC_SoftwareStartConv
 .text.ADC_ContinuousModeCmd
                0x0800b260       0x38 ..\obj\stm32f4xx_adc.o
                0x0800b260                ADC_ContinuousModeCmd
 .text.ADC_GetConversionValue
                0x0800b298       0x1c ..\obj\stm32f4xx_adc.o
                0x0800b298                ADC_GetConversionValue
 .text.Cat_Avoider
                0x0800b2b4       0x10 ..\obj\bw2017_algorithm.o
                0x0800b2b4                Cat_Avoider
 .text.Stairs_Detector
                0x0800b2c4       0x78 ..\obj\bw2017_algorithm.o
                0x0800b2c4                Stairs_Detector
 .text.FlameSense_PID_Init
                0x0800b33c       0xb4 ..\obj\bw2017_algorithm.o
                0x0800b33c                FlameSense_PID_Init
 .text.BW_FireFight_V2
                0x0800b3f0     0x1c5c ..\obj\bw2017_algorithm.o
                0x0800b3f0                BW_FireFight_V2
 .text.UVLock_Refresh
                0x0800d04c       0x24 ..\obj\bw2017_algorithm.o
                0x0800d04c                UVLock_Refresh
 .text.TCSlave_Check
                0x0800d070       0xf4 ..\obj\bw2017_algorithm.o
                0x0800d070                TCSlave_Check
 .text.Nav_TurnAround
                0x0800d164      0x1dc ..\obj\bw2017_algorithm.o
                0x0800d164                Nav_TurnAround
 .text.FlameSenseDigi_PID_Init
                0x0800d340       0xb4 ..\obj\bw2017_algorithm.o
                0x0800d340                FlameSenseDigi_PID_Init
 .text.FlameTracking_Ver3
                0x0800d3f4      0x220 ..\obj\bw2017_algorithm.o
                0x0800d3f4                FlameTracking_Ver3
 .text.FlameTracking_Center
                0x0800d614      0x384 ..\obj\bw2017_algorithm.o
                0x0800d614                FlameTracking_Center
 .text.Furniture_Avoider
                0x0800d998       0x10 ..\obj\bw2017_algorithm.o
                0x0800d998                Furniture_Avoider
 .text.BW_FollowTracer_Left_Interpolate
                0x0800d9a8      0x178 ..\obj\bw2017_algorithm.o
                0x0800d9a8                BW_FollowTracer_Left_Interpolate
 .text.PID_BWFollowTracer_Left_Interpolate
                0x0800db20      0x460 ..\obj\bw2017_algorithm.o
                0x0800db20                PID_BWFollowTracer_Left_Interpolate
 .text.BW_PID_Init
                0x0800df80      0x338 ..\obj\bw_pid_controller.o
                0x0800df80                BW_PID_Init
 .text.BW_PID_Init_Room
                0x0800e2b8      0x328 ..\obj\bw_pid_controller.o
                0x0800e2b8                BW_PID_Init_Room
 .text.BW_PID_Init_Furniture
                0x0800e5e0      0x32c ..\obj\bw_pid_controller.o
                0x0800e5e0                BW_PID_Init_Furniture
 .text.BW_PID_Init_Obs
                0x0800e90c      0x204 ..\obj\bw_pid_controller.o
                0x0800e90c                BW_PID_Init_Obs
 .text.PID_Calc_RightRule
                0x0800eb10      0x160 ..\obj\bw_pid_controller.o
                0x0800eb10                PID_Calc_RightRule
 .text.PID_Calc_RightObs
                0x0800ec70      0x160 ..\obj\bw_pid_controller.o
                0x0800ec70                PID_Calc_RightObs
 .text.PID_Calc_RightRule_Reverse
                0x0800edd0      0x160 ..\obj\bw_pid_controller.o
                0x0800edd0                PID_Calc_RightRule_Reverse
 .text.PID_Calc_LeftRule
                0x0800ef30      0x160 ..\obj\bw_pid_controller.o
                0x0800ef30                PID_Calc_LeftRule
 .text.PID_Calc_LeftObs
                0x0800f090      0x160 ..\obj\bw_pid_controller.o
                0x0800f090                PID_Calc_LeftObs
 .text.PID_Calc_LeftRule_Reverse
                0x0800f1f0      0x160 ..\obj\bw_pid_controller.o
                0x0800f1f0                PID_Calc_LeftRule_Reverse
 .text.PID_Calc_FlameRule
                0x0800f350      0x1d8 ..\obj\bw_pid_controller.o
                0x0800f350                PID_Calc_FlameRule
 .text.PID_Calculate_Rule_Interrupt_Init
                0x0800f528       0x64 ..\obj\bw_pid_controller.o
                0x0800f528                PID_Calculate_Rule_Interrupt_Init
 .text.TIM3_IRQHandler
                0x0800f58c       0xc0 ..\obj\bw_pid_controller.o
                0x0800f58c                TIM3_IRQHandler
 *fill*         0x0800f64c        0x4 
 .text.Kp_Tuning_R
                0x0800f650       0xf0 ..\obj\bw_pid_controller.o
                0x0800f650                Kp_Tuning_R
 .text.Ki_Tuning_R
                0x0800f740       0xf0 ..\obj\bw_pid_controller.o
                0x0800f740                Ki_Tuning_R
 .text.Kd_Tuning_R
                0x0800f830       0xf8 ..\obj\bw_pid_controller.o
                0x0800f830                Kd_Tuning_R
 .text.Kp_Tuning_L
                0x0800f928       0xf8 ..\obj\bw_pid_controller.o
                0x0800f928                Kp_Tuning_L
 .text.Ki_Tuning_L
                0x0800fa20       0xf8 ..\obj\bw_pid_controller.o
                0x0800fa20                Ki_Tuning_L
 .text.Kd_Tuning_L
                0x0800fb18       0xf8 ..\obj\bw_pid_controller.o
                0x0800fb18                Kd_Tuning_L
 .text.Kp_Tuning_R_Obs
                0x0800fc10       0xf8 ..\obj\bw_pid_controller.o
                0x0800fc10                Kp_Tuning_R_Obs
 .text.Ki_Tuning_R_Obs
                0x0800fd08       0xf8 ..\obj\bw_pid_controller.o
                0x0800fd08                Ki_Tuning_R_Obs
 .text.Kd_Tuning_R_Obs
                0x0800fe00       0xf8 ..\obj\bw_pid_controller.o
                0x0800fe00                Kd_Tuning_R_Obs
 .text.GPIO_Init
                0x0800fef8      0x11c ..\obj\stm32f4xx_gpio.o
                0x0800fef8                GPIO_Init
 .text.GPIO_ReadInputDataBit
                0x08010014       0x34 ..\obj\stm32f4xx_gpio.o
                0x08010014                GPIO_ReadInputDataBit
 .text.GPIO_SetBits
                0x08010048       0x20 ..\obj\stm32f4xx_gpio.o
                0x08010048                GPIO_SetBits
 .text.GPIO_ResetBits
                0x08010068       0x20 ..\obj\stm32f4xx_gpio.o
                0x08010068                GPIO_ResetBits
 .text.GPIO_PinAFConfig
                0x08010088       0x94 ..\obj\stm32f4xx_gpio.o
                0x08010088                GPIO_PinAFConfig
 .text.SystemInit
                0x0801011c       0x6c ..\obj\system_stm32f4xx.o
                0x0801011c                SystemInit
 .text.SetSysClock
                0x08010188       0xf8 ..\obj\system_stm32f4xx.o
 .text._sbrk    0x08010280       0x40 ..\obj\syscalls.o
                0x08010280                _sbrk
 .text.Get_UV   0x080102c0       0x44 ..\obj\bw_UV-TRON.o
                0x080102c0                Get_UV
 .text.NVIC_SetPriority
                0x08010304       0x54 ..\obj\bw_systick_delay.o
 .text.SysTick_Config
                0x08010358       0x44 ..\obj\bw_systick_delay.o
 .text.SysTick_Init
                0x0801039c       0x2c ..\obj\bw_systick_delay.o
                0x0801039c                SysTick_Init
 .text.SysTick_Handler
                0x080103c8        0xc ..\obj\bw_systick_delay.o
                0x080103c8                SysTick_Handler
 .text.TimeTick_Decrement
                0x080103d4       0x24 ..\obj\bw_systick_delay.o
                0x080103d4                TimeTick_Decrement
 .text.delay_us
                0x080103f8       0x28 ..\obj\bw_systick_delay.o
                0x080103f8                delay_us
 .text.delay_1ms
                0x08010420       0x24 ..\obj\bw_systick_delay.o
                0x08010420                delay_1ms
 .text.delay_ms
                0x08010444       0x20 ..\obj\bw_systick_delay.o
                0x08010444                delay_ms
 .text.HexJoint_Actuate_Interpolate
                0x08010464      0x434 ..\obj\bw_dynamixel_hexapod_cmd.o
                0x08010464                HexJoint_Actuate_Interpolate
 .text.HexJoint_Actuate_Climbing
                0x08010898      0x374 ..\obj\bw_dynamixel_hexapod_cmd.o
                0x08010898                HexJoint_Actuate_Climbing
 .text.HexJoint_Actuate_New
                0x08010c0c      0x3bc ..\obj\bw_dynamixel_hexapod_cmd.o
                0x08010c0c                HexJoint_Actuate_New
 .text.Dynamx_MovFwd_Interpolate_6S
                0x08010fc8     0x3b1c ..\obj\bw_dynamixel_hexapod_cmd.o
                0x08010fc8                Dynamx_MovFwd_Interpolate_6S
 .text.Dynamx_MovFwd4cm_Interpolate
                0x08014ae4     0x3d1c ..\obj\bw_dynamixel_hexapod_cmd.o
                0x08014ae4                Dynamx_MovFwd4cm_Interpolate
 .text.Dynamx_Mov_Static_Obs
                0x08018800      0x144 ..\obj\bw_dynamixel_hexapod_cmd.o
                0x08018800                Dynamx_Mov_Static_Obs
 .text.Dynamx_Mov_Static_Obs_High
                0x08018944      0x144 ..\obj\bw_dynamixel_hexapod_cmd.o
                0x08018944                Dynamx_Mov_Static_Obs_High
 .text.Dynamx_Mov_Static_Obs_Mid
                0x08018a88      0x150 ..\obj\bw_dynamixel_hexapod_cmd.o
                0x08018a88                Dynamx_Mov_Static_Obs_Mid
 .text.Dynamx_Mov_Static_Interpolate
                0x08018bd8      0x208 ..\obj\bw_dynamixel_hexapod_cmd.o
                0x08018bd8                Dynamx_Mov_Static_Interpolate
 .text.Dynamx_MoveLeg_Interpolate
                0x08018de0      0x22c ..\obj\bw_dynamixel_hexapod_cmd.o
                0x08018de0                Dynamx_MoveLeg_Interpolate
 .text.Dynamx_MoveCurveRight_IK
                0x0801900c     0x2c8c ..\obj\bw_dynamixel_hexapod_cmd.o
                0x0801900c                Dynamx_MoveCurveRight_IK
 .text.Dynamx_MoveCurveRight_Obstaicle
                0x0801bc98     0x1e60 ..\obj\bw_dynamixel_hexapod_cmd.o
                0x0801bc98                Dynamx_MoveCurveRight_Obstaicle
 .text.Dynamx_MoveCurveLeft_Obstaicle
                0x0801daf8     0x1e60 ..\obj\bw_dynamixel_hexapod_cmd.o
                0x0801daf8                Dynamx_MoveCurveLeft_Obstaicle
 .text.Dynamx_MovFwd_Obstaicle_Interpolate
                0x0801f958     0x2330 ..\obj\bw_dynamixel_hexapod_cmd.o
                0x0801f958                Dynamx_MovFwd_Obstaicle_Interpolate
 .text.Dynamx_MovBwd_Interpolate
                0x08021c88     0x2e1c ..\obj\bw_dynamixel_hexapod_cmd.o
                0x08021c88                Dynamx_MovBwd_Interpolate
 .text.Dynamx_MovBwd_Obs_Interpolate
                0x08024aa4     0x2dc4 ..\obj\bw_dynamixel_hexapod_cmd.o
                0x08024aa4                Dynamx_MovBwd_Obs_Interpolate
 .text.Dynamx_Rot_Right_Interpolate
                0x08027868     0x10d0 ..\obj\bw_dynamixel_hexapod_cmd.o
                0x08027868                Dynamx_Rot_Right_Interpolate
 .text.Dynamx_Rot_Left_IK
                0x08028938     0x1b8c ..\obj\bw_dynamixel_hexapod_cmd.o
                0x08028938                Dynamx_Rot_Left_IK
 .text.Dynamx_Rot_Right_IK
                0x0802a4c4     0x1928 ..\obj\bw_dynamixel_hexapod_cmd.o
                0x0802a4c4                Dynamx_Rot_Right_IK
 .text.Dynamx_Rot_Left_Interpolate
                0x0802bdec     0x10ec ..\obj\bw_dynamixel_hexapod_cmd.o
                0x0802bdec                Dynamx_Rot_Left_Interpolate
 .text.Dynamx_Rot_Obs_Left_IK
                0x0802ced8     0x16c8 ..\obj\bw_dynamixel_hexapod_cmd.o
                0x0802ced8                Dynamx_Rot_Obs_Left_IK
 .text.Dynamx_Rot_Obs_Right_IK
                0x0802e5a0     0x168c ..\obj\bw_dynamixel_hexapod_cmd.o
                0x0802e5a0                Dynamx_Rot_Obs_Right_IK
 .text.Dynamx_Slide_Left_Interpolate
                0x0802fc2c      0xfd4 ..\obj\bw_dynamixel_hexapod_cmd.o
                0x0802fc2c                Dynamx_Slide_Left_Interpolate
 .text.Dynamx_Slide_Right_Interpolate
                0x08030c00     0x10b8 ..\obj\bw_dynamixel_hexapod_cmd.o
                0x08030c00                Dynamx_Slide_Right_Interpolate
 .text.Dynamx_Slide_Right_IK
                0x08031cb8     0x134c ..\obj\bw_dynamixel_hexapod_cmd.o
                0x08031cb8                Dynamx_Slide_Right_IK
 .text.Dynamx_Slide_Left_IK
                0x08033004     0x1298 ..\obj\bw_dynamixel_hexapod_cmd.o
                0x08033004                Dynamx_Slide_Left_IK
 .text.Dynamx_Slide_Obs_Right_IK
                0x0803429c     0x12bc ..\obj\bw_dynamixel_hexapod_cmd.o
                0x0803429c                Dynamx_Slide_Obs_Right_IK
 .text.Dynamx_Slide_Obs_Left_IK
                0x08035558     0x1298 ..\obj\bw_dynamixel_hexapod_cmd.o
                0x08035558                Dynamx_Slide_Obs_Left_IK
 .text.Dynamx_MoveCurveLeft_IK
                0x080367f0     0x2d74 ..\obj\bw_dynamixel_hexapod_cmd.o
                0x080367f0                Dynamx_MoveCurveLeft_IK
 .text.Dynamx_MovLeanFwd_Interpolate
                0x08039564      0xb10 ..\obj\bw_dynamixel_hexapod_cmd.o
                0x08039564                Dynamx_MovLeanFwd_Interpolate
 .text.Dynamx_MovLeanFwd_Obstaicle_Interpolate
                0x0803a074      0xb80 ..\obj\bw_dynamixel_hexapod_cmd.o
                0x0803a074                Dynamx_MovLeanFwd_Obstaicle_Interpolate
 *fill*         0x0803abf4        0x4 
 .text.Dynamx_MovFwdClimbing_Interpolate
                0x0803abf8     0x1d08 ..\obj\bw_dynamixel_hexapod_cmd.o
                0x0803abf8                Dynamx_MovFwdClimbing_Interpolate
 .text.Dynamx_MovCrvRight_Climbing_Interpolate
                0x0803c900     0x2094 ..\obj\bw_dynamixel_hexapod_cmd.o
                0x0803c900                Dynamx_MovCrvRight_Climbing_Interpolate
 *fill*         0x0803e994        0x4 
 .text.Dynamx_MovCrvLeft_Climbing_Interpolate
                0x0803e998     0x2090 ..\obj\bw_dynamixel_hexapod_cmd.o
                0x0803e998                Dynamx_MovCrvLeft_Climbing_Interpolate
 .text.Dynamx_MovFwdMiring_Interpolate
                0x08040a28     0x1e68 ..\obj\bw_dynamixel_hexapod_cmd.o
                0x08040a28                Dynamx_MovFwdMiring_Interpolate
 .text.sin_deg  0x08042890       0x50 ..\obj\bw_dynamixel_hexapod_cmd.o
                0x08042890                sin_deg
 .text.cos_deg  0x080428e0       0x50 ..\obj\bw_dynamixel_hexapod_cmd.o
                0x080428e0                cos_deg
 .text.acos_deg
                0x08042930       0x58 ..\obj\bw_dynamixel_hexapod_cmd.o
                0x08042930                acos_deg
 .text.atan2_deg
                0x08042988       0x80 ..\obj\bw_dynamixel_hexapod_cmd.o
                0x08042988                atan2_deg
 .text.Dyna_IKCALC_Obs
                0x08042a08      0x598 ..\obj\bw_dynamixel_hexapod_cmd.o
                0x08042a08                Dyna_IKCALC_Obs
 .text.Dyna_IKCALC_NEW
                0x08042fa0      0x524 ..\obj\bw_dynamixel_hexapod_cmd.o
                0x08042fa0                Dyna_IKCALC_NEW
 *fill*         0x080434c4        0x4 
 .text.Dyna_IKCalc_Only_Static_Climbing
                0x080434c8      0x518 ..\obj\bw_dynamixel_hexapod_cmd.o
                0x080434c8                Dyna_IKCalc_Only_Static_Climbing
 .text.Dyna_IKCalc_Only
                0x080439e0      0x2ac ..\obj\bw_dynamixel_hexapod_cmd.o
                0x080439e0                Dyna_IKCalc_Only
 *fill*         0x08043c8c        0x4 
 .text.Translation
                0x08043c90      0x1c4 ..\obj\bw_dynamixel_hexapod_cmd.o
                0x08043c90                Translation
 .text.Rotation
                0x08043e54      0x180 ..\obj\bw_dynamixel_hexapod_cmd.o
                0x08043e54                Rotation
 .text.Generate_Body
                0x08043fd4      0x13c ..\obj\bw_dynamixel_hexapod_cmd.o
                0x08043fd4                Generate_Body
 .text.H_Elips  0x08044110       0xc8 ..\obj\bw_dynamixel_hexapod_cmd.o
                0x08044110                H_Elips
 .text.Trajectory_Generator_Obs
                0x080441d8      0x354 ..\obj\bw_dynamixel_hexapod_cmd.o
                0x080441d8                Trajectory_Generator_Obs
 *fill*         0x0804452c        0x4 
 .text.Trajectory_Generator_Climbing
                0x08044530      0x36c ..\obj\bw_dynamixel_hexapod_cmd.o
                0x08044530                Trajectory_Generator_Climbing
 *fill*         0x0804489c        0x4 
 .text.Trajectory_Generator_6S
                0x080448a0      0x344 ..\obj\bw_dynamixel_hexapod_cmd.o
                0x080448a0                Trajectory_Generator_6S
 *fill*         0x08044be4        0x4 
 .text.Trajectory_Generator_NEW
                0x08044be8      0x344 ..\obj\bw_dynamixel_hexapod_cmd.o
                0x08044be8                Trajectory_Generator_NEW
 .text.Trajectory_Generator_Lean
                0x08044f2c      0x2c4 ..\obj\bw_dynamixel_hexapod_cmd.o
                0x08044f2c                Trajectory_Generator_Lean
 .text.Dynamx_MoveLeg_Interpolate_NEW
                0x080451f0      0x220 ..\obj\bw_dynamixel_hexapod_cmd.o
                0x080451f0                Dynamx_MoveLeg_Interpolate_NEW
 .text.I2C_DeInit
                0x08045410       0x74 ..\obj\stm32f4xx_i2c.o
                0x08045410                I2C_DeInit
 .text.I2C_Init
                0x08045484      0x184 ..\obj\stm32f4xx_i2c.o
                0x08045484                I2C_Init
 .text.I2C_Cmd  0x08045608       0x40 ..\obj\stm32f4xx_i2c.o
                0x08045608                I2C_Cmd
 .text.I2C_GenerateSTART
                0x08045648       0x40 ..\obj\stm32f4xx_i2c.o
                0x08045648                I2C_GenerateSTART
 .text.I2C_GenerateSTOP
                0x08045688       0x40 ..\obj\stm32f4xx_i2c.o
                0x08045688                I2C_GenerateSTOP
 .text.I2C_Send7bitAddress
                0x080456c8       0x3c ..\obj\stm32f4xx_i2c.o
                0x080456c8                I2C_Send7bitAddress
 .text.I2C_AcknowledgeConfig
                0x08045704       0x40 ..\obj\stm32f4xx_i2c.o
                0x08045704                I2C_AcknowledgeConfig
 .text.I2C_SoftwareResetCmd
                0x08045744       0x44 ..\obj\stm32f4xx_i2c.o
                0x08045744                I2C_SoftwareResetCmd
 .text.I2C_SendData
                0x08045788       0x20 ..\obj\stm32f4xx_i2c.o
                0x08045788                I2C_SendData
 .text.I2C_ReceiveData
                0x080457a8       0x1c ..\obj\stm32f4xx_i2c.o
                0x080457a8                I2C_ReceiveData
 .text.I2C_CheckEvent
                0x080457c4       0x60 ..\obj\stm32f4xx_i2c.o
                0x080457c4                I2C_CheckEvent
 .text.I2C_GetFlagStatus
                0x08045824       0x68 ..\obj\stm32f4xx_i2c.o
                0x08045824                I2C_GetFlagStatus
 .text.RS_off   0x0804588c       0x18 ..\obj\bw_lcd.o
                0x0804588c                RS_off
 .text.EN_off   0x080458a4       0x18 ..\obj\bw_lcd.o
                0x080458a4                EN_off
 .text.EN_on    0x080458bc       0x18 ..\obj\bw_lcd.o
                0x080458bc                EN_on
 .text.D4_off   0x080458d4       0x18 ..\obj\bw_lcd.o
                0x080458d4                D4_off
 .text.D4_on    0x080458ec       0x18 ..\obj\bw_lcd.o
                0x080458ec                D4_on
 .text.D5_off   0x08045904       0x18 ..\obj\bw_lcd.o
                0x08045904                D5_off
 .text.D5_on    0x0804591c       0x18 ..\obj\bw_lcd.o
                0x0804591c                D5_on
 .text.D6_off   0x08045934       0x18 ..\obj\bw_lcd.o
                0x08045934                D6_off
 .text.D6_on    0x0804594c       0x18 ..\obj\bw_lcd.o
                0x0804594c                D6_on
 .text.D7_off   0x08045964       0x18 ..\obj\bw_lcd.o
                0x08045964                D7_off
 .text.D7_on    0x0804597c       0x18 ..\obj\bw_lcd.o
                0x0804597c                D7_on
 .text.lcd_write_nible
                0x08045994       0x6c ..\obj\bw_lcd.o
                0x08045994                lcd_write_nible
 .text.lcd_write_byte
                0x08045a00       0x34 ..\obj\bw_lcd.o
                0x08045a00                lcd_write_byte
 .text.lcd_write_cmd_byte
                0x08045a34       0x34 ..\obj\bw_lcd.o
                0x08045a34                lcd_write_cmd_byte
 .text.BW_LCD_Init
                0x08045a68       0x1c ..\obj\bw_lcd.o
                0x08045a68                BW_LCD_Init
 .text.lcd_putstr
                0x08045a84       0x28 ..\obj\bw_lcd.o
                0x08045a84                lcd_putstr
 .text.lcd_gotoxy
                0x08045aac       0x24 ..\obj\bw_lcd.o
                0x08045aac                lcd_gotoxy
 .text.lcd_display_clear
                0x08045ad0        0xc ..\obj\bw_lcd.o
                0x08045ad0                lcd_display_clear
 .text.lcd_cursor_off_blink_off
                0x08045adc       0x18 ..\obj\bw_lcd.o
                0x08045adc                lcd_cursor_off_blink_off
 .text.NVIC_Init
                0x08045af4       0xc4 ..\obj\misc.o
                0x08045af4                NVIC_Init
 .text.BW_CMPS11_Init
                0x08045bb8       0x10 ..\obj\bw_cmps11.o
                0x08045bb8                BW_CMPS11_Init
 .text.BW_CMPS11_I2C_Init
                0x08045bc8       0xe4 ..\obj\bw_cmps11.o
                0x08045bc8                BW_CMPS11_I2C_Init
 .text.I2C3_TimeOut
                0x08045cac       0x40 ..\obj\bw_cmps11.o
                0x08045cac                I2C3_TimeOut
 .text.GetCMPS11_Pitch
                0x08045cec       0x98 ..\obj\bw_cmps11.o
                0x08045cec                GetCMPS11_Pitch
 .text.GetCMPS11_Roll
                0x08045d84       0x58 ..\obj\bw_cmps11.o
                0x08045d84                GetCMPS11_Roll
 *fill*         0x08045ddc        0x4 
 .text.GetCMPS11_Angle8Bit
                0x08045de0       0xb4 ..\obj\bw_cmps11.o
                0x08045de0                GetCMPS11_Angle8Bit
 .text.I2C3_ReadByte
                0x08045e94      0x200 ..\obj\bw_cmps11.o
                0x08045e94                I2C3_ReadByte
 .text.I2C3_Test
                0x08046094      0x130 ..\obj\bw_cmps11.o
                0x08046094                I2C3_Test
 .text.Display_Fix_Direction
                0x080461c4      0x2c8 ..\obj\bw_cmps11.o
                0x080461c4                Display_Fix_Direction
 .text.Display_Pitch_Data
                0x0804648c       0x94 ..\obj\bw_cmps11.o
                0x0804648c                Display_Pitch_Data
 .text.Display_Yaw_Angle
                0x08046520       0x88 ..\obj\bw_cmps11.o
                0x08046520                Display_Yaw_Angle
 .text.Display_Roll_Data
                0x080465a8       0x9c ..\obj\bw_cmps11.o
                0x080465a8                Display_Roll_Data
 .text.Fix_Direction
                0x08046644      0x28c ..\obj\bw_cmps11.o
                0x08046644                Fix_Direction
 .text.Cmps11_Interrupt_Init
                0x080468d0       0x64 ..\obj\bw_cmps11.o
                0x080468d0                Cmps11_Interrupt_Init
 .text.TIM4_IRQHandler
                0x08046934       0x58 ..\obj\bw_cmps11.o
                0x08046934                TIM4_IRQHandler
 .text.UART4_Init
                0x0804698c       0xd0 ..\obj\bw_jetson_coms.o
                0x0804698c                UART4_Init
 .text.UART4_IRQHandler
                0x08046a5c      0x138 ..\obj\bw_jetson_coms.o
                0x08046a5c                UART4_IRQHandler
 .text.Display_Camera_Value
                0x08046b94       0x88 ..\obj\bw_jetson_coms.o
                0x08046b94                Display_Camera_Value
 .text.Display_RGB_Data
                0x08046c1c      0x284 ..\obj\bw_tcs3200_receiver.o
                0x08046c1c                Display_RGB_Data
 .text.Display_Threshold_Raw
                0x08046ea0       0x88 ..\obj\bw_tcs3200_receiver.o
                0x08046ea0                Display_Threshold_Raw
 .text.Display_Threshold_RGB
                0x08046f28       0xcc ..\obj\bw_tcs3200_receiver.o
                0x08046f28                Display_Threshold_RGB
 .text.Display_tracer_stat
                0x08046ff4       0x90 ..\obj\bw_tcs3200_receiver.o
                0x08046ff4                Display_tracer_stat
 .text.TIM_TimeBaseInit
                0x08047084       0xd8 ..\obj\stm32f4xx_tim.o
                0x08047084                TIM_TimeBaseInit
 .text.TIM_ARRPreloadConfig
                0x0804715c       0x40 ..\obj\stm32f4xx_tim.o
                0x0804715c                TIM_ARRPreloadConfig
 .text.TIM_Cmd  0x0804719c       0x40 ..\obj\stm32f4xx_tim.o
                0x0804719c                TIM_Cmd
 .text.TIM_OC1Init
                0x080471dc       0xf4 ..\obj\stm32f4xx_tim.o
                0x080471dc                TIM_OC1Init
 .text.TIM_OC2Init
                0x080472d0      0x110 ..\obj\stm32f4xx_tim.o
                0x080472d0                TIM_OC2Init
 .text.TIM_OC3Init
                0x080473e0      0x10c ..\obj\stm32f4xx_tim.o
                0x080473e0                TIM_OC3Init
 .text.TIM_OC4Init
                0x080474ec       0xd0 ..\obj\stm32f4xx_tim.o
                0x080474ec                TIM_OC4Init
 .text.TIM_OC1PreloadConfig
                0x080475bc       0x38 ..\obj\stm32f4xx_tim.o
                0x080475bc                TIM_OC1PreloadConfig
 .text.TIM_OC2PreloadConfig
                0x080475f4       0x3c ..\obj\stm32f4xx_tim.o
                0x080475f4                TIM_OC2PreloadConfig
 .text.TIM_OC3PreloadConfig
                0x08047630       0x38 ..\obj\stm32f4xx_tim.o
                0x08047630                TIM_OC3PreloadConfig
 .text.TIM_OC4PreloadConfig
                0x08047668       0x3c ..\obj\stm32f4xx_tim.o
                0x08047668                TIM_OC4PreloadConfig
 .text.TIM_ITConfig
                0x080476a4       0x48 ..\obj\stm32f4xx_tim.o
                0x080476a4                TIM_ITConfig
 .text.TIM_GetITStatus
                0x080476ec       0x54 ..\obj\stm32f4xx_tim.o
                0x080476ec                TIM_GetITStatus
 .text.TIM_ClearITPendingBit
                0x08047740       0x24 ..\obj\stm32f4xx_tim.o
                0x08047740                TIM_ClearITPendingBit
 .text.Aktuator_Monitor
                0x08047764      0x1f8 ..\obj\bw_gripper_2021.o
                0x08047764                Aktuator_Monitor
 *fill*         0x0804795c        0x4 
 .text.atan     0x08047960      0x378 c:/program files (x86)/gnu tools arm embedded/5.4 2016q3/bin/../lib/gcc/arm-none-eabi/5.4.1/../../../../arm-none-eabi/lib/armv7e-m/fpu\libm.a(lib_a-s_atan.o)
                0x08047960                atan
 .text.cos      0x08047cd8       0xc0 c:/program files (x86)/gnu tools arm embedded/5.4 2016q3/bin/../lib/gcc/arm-none-eabi/5.4.1/../../../../arm-none-eabi/lib/armv7e-m/fpu\libm.a(lib_a-s_cos.o)
                0x08047cd8                cos
 .text.fabs     0x08047d98       0x10 c:/program files (x86)/gnu tools arm embedded/5.4 2016q3/bin/../lib/gcc/arm-none-eabi/5.4.1/../../../../arm-none-eabi/lib/armv7e-m/fpu\libm.a(lib_a-s_fabs.o)
                0x08047d98                fabs
 .text.sin      0x08047da8       0xc0 c:/program files (x86)/gnu tools arm embedded/5.4 2016q3/bin/../lib/gcc/arm-none-eabi/5.4.1/../../../../arm-none-eabi/lib/armv7e-m/fpu\libm.a(lib_a-s_sin.o)
                0x08047da8                sin
 .text.acos     0x08047e68       0xc4 c:/program files (x86)/gnu tools arm embedded/5.4 2016q3/bin/../lib/gcc/arm-none-eabi/5.4.1/../../../../arm-none-eabi/lib/armv7e-m/fpu\libm.a(lib_a-w_acos.o)
                0x08047e68                acos
 .text.atan2    0x08047f2c        0x4 c:/program files (x86)/gnu tools arm embedded/5.4 2016q3/bin/../lib/gcc/arm-none-eabi/5.4.1/../../../../arm-none-eabi/lib/armv7e-m/fpu\libm.a(lib_a-w_atan2.o)
                0x08047f2c                atan2
 .text.pow      0x08047f30      0x338 c:/program files (x86)/gnu tools arm embedded/5.4 2016q3/bin/../lib/gcc/arm-none-eabi/5.4.1/../../../../arm-none-eabi/lib/armv7e-m/fpu\libm.a(lib_a-w_pow.o)
                0x08047f30                pow
 .text.sqrt     0x08048268       0xc0 c:/program files (x86)/gnu tools arm embedded/5.4 2016q3/bin/../lib/gcc/arm-none-eabi/5.4.1/../../../../arm-none-eabi/lib/armv7e-m/fpu\libm.a(lib_a-w_sqrt.o)
                0x08048268                sqrt
 .text.__ieee754_acos
                0x08048328      0x4e0 c:/program files (x86)/gnu tools arm embedded/5.4 2016q3/bin/../lib/gcc/arm-none-eabi/5.4.1/../../../../arm-none-eabi/lib/armv7e-m/fpu\libm.a(lib_a-e_acos.o)
                0x08048328                __ieee754_acos
 .text.__ieee754_atan2
                0x08048808      0x1ec c:/program files (x86)/gnu tools arm embedded/5.4 2016q3/bin/../lib/gcc/arm-none-eabi/5.4.1/../../../../arm-none-eabi/lib/armv7e-m/fpu\libm.a(lib_a-e_atan2.o)
                0x08048808                __ieee754_atan2
 *fill*         0x080489f4        0x4 
 .text.__ieee754_pow
                0x080489f8      0xb10 c:/program files (x86)/gnu tools arm embedded/5.4 2016q3/bin/../lib/gcc/arm-none-eabi/5.4.1/../../../../arm-none-eabi/lib/armv7e-m/fpu\libm.a(lib_a-e_pow.o)
                0x080489f8                __ieee754_pow
 .text.__ieee754_rem_pio2
                0x08049508      0x44c c:/program files (x86)/gnu tools arm embedded/5.4 2016q3/bin/../lib/gcc/arm-none-eabi/5.4.1/../../../../arm-none-eabi/lib/armv7e-m/fpu\libm.a(lib_a-e_rem_pio2.o)
                0x08049508                __ieee754_rem_pio2
 .text.__ieee754_sqrt
                0x08049954      0x1a0 c:/program files (x86)/gnu tools arm embedded/5.4 2016q3/bin/../lib/gcc/arm-none-eabi/5.4.1/../../../../arm-none-eabi/lib/armv7e-m/fpu\libm.a(lib_a-e_sqrt.o)
                0x08049954                __ieee754_sqrt
 *fill*         0x08049af4        0x4 
 .text.__kernel_cos
                0x08049af8      0x284 c:/program files (x86)/gnu tools arm embedded/5.4 2016q3/bin/../lib/gcc/arm-none-eabi/5.4.1/../../../../arm-none-eabi/lib/armv7e-m/fpu\libm.a(lib_a-k_cos.o)
                0x08049af8                __kernel_cos
 *fill*         0x08049d7c        0x4 
 .text.__kernel_rem_pio2
                0x08049d80      0x820 c:/program files (x86)/gnu tools arm embedded/5.4 2016q3/bin/../lib/gcc/arm-none-eabi/5.4.1/../../../../arm-none-eabi/lib/armv7e-m/fpu\libm.a(lib_a-k_rem_pio2.o)
                0x08049d80                __kernel_rem_pio2
 .text.__kernel_sin
                0x0804a5a0      0x194 c:/program files (x86)/gnu tools arm embedded/5.4 2016q3/bin/../lib/gcc/arm-none-eabi/5.4.1/../../../../arm-none-eabi/lib/armv7e-m/fpu\libm.a(lib_a-k_sin.o)
                0x0804a5a0                __kernel_sin
 .text.finite   0x0804a734       0x10 c:/program files (x86)/gnu tools arm embedded/5.4 2016q3/bin/../lib/gcc/arm-none-eabi/5.4.1/../../../../arm-none-eabi/lib/armv7e-m/fpu\libm.a(lib_a-s_finite.o)
                0x0804a734                finite
 *fill*         0x0804a744        0x4 
 .text.floor    0x0804a748      0x120 c:/program files (x86)/gnu tools arm embedded/5.4 2016q3/bin/../lib/gcc/arm-none-eabi/5.4.1/../../../../arm-none-eabi/lib/armv7e-m/fpu\libm.a(lib_a-s_floor.o)
                0x0804a748                floor
 .text.matherr  0x0804a868        0x4 c:/program files (x86)/gnu tools arm embedded/5.4 2016q3/bin/../lib/gcc/arm-none-eabi/5.4.1/../../../../arm-none-eabi/lib/armv7e-m/fpu\libm.a(lib_a-s_matherr.o)
                0x0804a868                matherr
 *fill*         0x0804a86c        0x4 
 .text.nan      0x0804a870       0x10 c:/program files (x86)/gnu tools arm embedded/5.4 2016q3/bin/../lib/gcc/arm-none-eabi/5.4.1/../../../../arm-none-eabi/lib/armv7e-m/fpu\libm.a(lib_a-s_nan.o)
                0x0804a870                nan
 .text.rint     0x0804a880      0x128 c:/program files (x86)/gnu tools arm embedded/5.4 2016q3/bin/../lib/gcc/arm-none-eabi/5.4.1/../../../../arm-none-eabi/lib/armv7e-m/fpu\libm.a(lib_a-s_rint.o)
                0x0804a880                rint
 .text.scalbn   0x0804a9a8      0x10c c:/program files (x86)/gnu tools arm embedded/5.4 2016q3/bin/../lib/gcc/arm-none-eabi/5.4.1/../../../../arm-none-eabi/lib/armv7e-m/fpu\libm.a(lib_a-s_scalbn.o)
                0x0804a9a8                scalbn
 .text.copysign
                0x0804aab4       0x1c c:/program files (x86)/gnu tools arm embedded/5.4 2016q3/bin/../lib/gcc/arm-none-eabi/5.4.1/../../../../arm-none-eabi/lib/armv7e-m/fpu\libm.a(lib_a-s_copysign.o)
                0x0804aab4                copysign
 .text          0x0804aad0      0x370 c:/program files (x86)/gnu tools arm embedded/5.4 2016q3/bin/../lib/gcc/arm-none-eabi/5.4.1/armv7e-m/fpu\libgcc.a(_arm_addsubdf3.o)
                0x0804aad0                __aeabi_drsub
                0x0804aad8                __aeabi_dsub
                0x0804aad8                __subdf3
                0x0804aadc                __aeabi_dadd
                0x0804aadc                __adddf3
                0x0804ad54                __floatunsidf
                0x0804ad54                __aeabi_ui2d
                0x0804ad74                __floatsidf
                0x0804ad74                __aeabi_i2d
                0x0804ad98                __aeabi_f2d
                0x0804ad98                __extendsfdf2
                0x0804add4                __floatundidf
                0x0804add4                __aeabi_ul2d
                0x0804ade4                __floatdidf
                0x0804ade4                __aeabi_l2d
 .text          0x0804ae40      0x424 c:/program files (x86)/gnu tools arm embedded/5.4 2016q3/bin/../lib/gcc/arm-none-eabi/5.4.1/armv7e-m/fpu\libgcc.a(_arm_muldivdf3.o)
                0x0804ae40                __aeabi_dmul
                0x0804ae40                __muldf3
                0x0804b094                __divdf3
                0x0804b094                __aeabi_ddiv
 .text          0x0804b264      0x110 c:/program files (x86)/gnu tools arm embedded/5.4 2016q3/bin/../lib/gcc/arm-none-eabi/5.4.1/armv7e-m/fpu\libgcc.a(_arm_cmpdf2.o)
                0x0804b264                __gtdf2
                0x0804b264                __gedf2
                0x0804b26c                __ltdf2
                0x0804b26c                __ledf2
                0x0804b274                __nedf2
                0x0804b274                __eqdf2
                0x0804b274                __cmpdf2
                0x0804b2f0                __aeabi_cdrcmple
                0x0804b300                __aeabi_cdcmpeq
                0x0804b300                __aeabi_cdcmple
                0x0804b310                __aeabi_dcmpeq
                0x0804b324                __aeabi_dcmplt
                0x0804b338                __aeabi_dcmple
                0x0804b34c                __aeabi_dcmpge
                0x0804b360                __aeabi_dcmpgt
 .text          0x0804b374       0x2c c:/program files (x86)/gnu tools arm embedded/5.4 2016q3/bin/../lib/gcc/arm-none-eabi/5.4.1/armv7e-m/fpu\libgcc.a(_arm_unorddf2.o)
                0x0804b374                __unorddf2
                0x0804b374                __aeabi_dcmpun
 .text          0x0804b3a0       0x50 c:/program files (x86)/gnu tools arm embedded/5.4 2016q3/bin/../lib/gcc/arm-none-eabi/5.4.1/armv7e-m/fpu\libgcc.a(_arm_fixdfsi.o)
                0x0804b3a0                __aeabi_d2iz
                0x0804b3a0                __fixdfsi
 .text          0x0804b3f0       0xa0 c:/program files (x86)/gnu tools arm embedded/5.4 2016q3/bin/../lib/gcc/arm-none-eabi/5.4.1/armv7e-m/fpu\libgcc.a(_arm_truncdfsf2.o)
                0x0804b3f0                __truncdfsf2
                0x0804b3f0                __aeabi_d2f
 .text.__errno  0x0804b490        0xc c:/program files (x86)/gnu tools arm embedded/5.4 2016q3/bin/../lib/gcc/arm-none-eabi/5.4.1/../../../../arm-none-eabi/lib/armv7e-m/fpu\libc.a(lib_a-errno.o)
                0x0804b490                __errno
 .text          0x0804b49c      0x134 c:/program files (x86)/gnu tools arm embedded/5.4 2016q3/bin/../lib/gcc/arm-none-eabi/5.4.1/../../../../arm-none-eabi/lib/armv7e-m/fpu\libc.a(lib_a-memcpy.o)
                0x0804b49c                memcpy
 .text.memset   0x0804b5d0       0x9c c:/program files (x86)/gnu tools arm embedded/5.4 2016q3/bin/../lib/gcc/arm-none-eabi/5.4.1/../../../../arm-none-eabi/lib/armv7e-m/fpu\libc.a(lib_a-memset.o)
                0x0804b5d0                memset
 .text.sprintf  0x0804b66c       0x4c c:/program files (x86)/gnu tools arm embedded/5.4 2016q3/bin/../lib/gcc/arm-none-eabi/5.4.1/../../../../arm-none-eabi/lib/armv7e-m/fpu\libc.a(lib_a-sprintf.o)
                0x0804b66c                sprintf
 .text._svfprintf_r
                0x0804b6b8     0x16e4 c:/program files (x86)/gnu tools arm embedded/5.4 2016q3/bin/../lib/gcc/arm-none-eabi/5.4.1/../../../../arm-none-eabi/lib/armv7e-m/fpu\libc.a(lib_a-svfprintf.o)
                0x0804b6b8                _svfprintf_r
 .text.startup.register_fini
                0x0804cd9c       0x14 c:/program files (x86)/gnu tools arm embedded/5.4 2016q3/bin/../lib/gcc/arm-none-eabi/5.4.1/../../../../arm-none-eabi/lib/armv7e-m/fpu\libc.a(lib_a-__call_atexit.o)
 .text.atexit   0x0804cdb0        0xc c:/program files (x86)/gnu tools arm embedded/5.4 2016q3/bin/../lib/gcc/arm-none-eabi/5.4.1/../../../../arm-none-eabi/lib/armv7e-m/fpu\libc.a(lib_a-atexit.o)
                0x0804cdb0                atexit
 .text.quorem   0x0804cdbc      0x128 c:/program files (x86)/gnu tools arm embedded/5.4 2016q3/bin/../lib/gcc/arm-none-eabi/5.4.1/../../../../arm-none-eabi/lib/armv7e-m/fpu\libc.a(lib_a-dtoa.o)
 *fill*         0x0804cee4        0x4 
 .text._dtoa_r  0x0804cee8      0xe34 c:/program files (x86)/gnu tools arm embedded/5.4 2016q3/bin/../lib/gcc/arm-none-eabi/5.4.1/../../../../arm-none-eabi/lib/armv7e-m/fpu\libc.a(lib_a-dtoa.o)
                0x0804cee8                _dtoa_r
 .text.__libc_fini_array
                0x0804dd1c       0x28 c:/program files (x86)/gnu tools arm embedded/5.4 2016q3/bin/../lib/gcc/arm-none-eabi/5.4.1/../../../../arm-none-eabi/lib/armv7e-m/fpu\libc.a(lib_a-fini.o)
                0x0804dd1c                __libc_fini_array
 .text._localeconv_r
                0x0804dd44       0x1c c:/program files (x86)/gnu tools arm embedded/5.4 2016q3/bin/../lib/gcc/arm-none-eabi/5.4.1/../../../../arm-none-eabi/lib/armv7e-m/fpu\libc.a(lib_a-localeconv.o)
                0x0804dd44                _localeconv_r
 .text._malloc_r
                0x0804dd60      0x570 c:/program files (x86)/gnu tools arm embedded/5.4 2016q3/bin/../lib/gcc/arm-none-eabi/5.4.1/../../../../arm-none-eabi/lib/armv7e-m/fpu\libc.a(lib_a-mallocr.o)
                0x0804dd60                _malloc_r
 .text          0x0804e2d0       0xa0 c:/program files (x86)/gnu tools arm embedded/5.4 2016q3/bin/../lib/gcc/arm-none-eabi/5.4.1/../../../../arm-none-eabi/lib/armv7e-m/fpu\libc.a(lib_a-memchr.o)
                0x0804e2d0                memchr
 .text.__malloc_lock
                0x0804e370        0x4 c:/program files (x86)/gnu tools arm embedded/5.4 2016q3/bin/../lib/gcc/arm-none-eabi/5.4.1/../../../../arm-none-eabi/lib/armv7e-m/fpu\libc.a(lib_a-mlock.o)
                0x0804e370                __malloc_lock
 .text.__malloc_unlock
                0x0804e374        0x4 c:/program files (x86)/gnu tools arm embedded/5.4 2016q3/bin/../lib/gcc/arm-none-eabi/5.4.1/../../../../arm-none-eabi/lib/armv7e-m/fpu\libc.a(lib_a-mlock.o)
                0x0804e374                __malloc_unlock
 .text._Balloc  0x0804e378       0x4c c:/program files (x86)/gnu tools arm embedded/5.4 2016q3/bin/../lib/gcc/arm-none-eabi/5.4.1/../../../../arm-none-eabi/lib/armv7e-m/fpu\libc.a(lib_a-mprec.o)
                0x0804e378                _Balloc
 .text._Bfree   0x0804e3c4       0x14 c:/program files (x86)/gnu tools arm embedded/5.4 2016q3/bin/../lib/gcc/arm-none-eabi/5.4.1/../../../../arm-none-eabi/lib/armv7e-m/fpu\libc.a(lib_a-mprec.o)
                0x0804e3c4                _Bfree
 .text.__multadd
                0x0804e3d8       0x80 c:/program files (x86)/gnu tools arm embedded/5.4 2016q3/bin/../lib/gcc/arm-none-eabi/5.4.1/../../../../arm-none-eabi/lib/armv7e-m/fpu\libc.a(lib_a-mprec.o)
                0x0804e3d8                __multadd
 .text.__hi0bits
                0x0804e458       0x40 c:/program files (x86)/gnu tools arm embedded/5.4 2016q3/bin/../lib/gcc/arm-none-eabi/5.4.1/../../../../arm-none-eabi/lib/armv7e-m/fpu\libc.a(lib_a-mprec.o)
                0x0804e458                __hi0bits
 .text.__lo0bits
                0x0804e498       0x5c c:/program files (x86)/gnu tools arm embedded/5.4 2016q3/bin/../lib/gcc/arm-none-eabi/5.4.1/../../../../arm-none-eabi/lib/armv7e-m/fpu\libc.a(lib_a-mprec.o)
                0x0804e498                __lo0bits
 .text.__i2b    0x0804e4f4       0x14 c:/program files (x86)/gnu tools arm embedded/5.4 2016q3/bin/../lib/gcc/arm-none-eabi/5.4.1/../../../../arm-none-eabi/lib/armv7e-m/fpu\libc.a(lib_a-mprec.o)
                0x0804e4f4                __i2b
 .text.__multiply
                0x0804e508      0x130 c:/program files (x86)/gnu tools arm embedded/5.4 2016q3/bin/../lib/gcc/arm-none-eabi/5.4.1/../../../../arm-none-eabi/lib/armv7e-m/fpu\libc.a(lib_a-mprec.o)
                0x0804e508                __multiply
 .text.__pow5mult
                0x0804e638       0xa0 c:/program files (x86)/gnu tools arm embedded/5.4 2016q3/bin/../lib/gcc/arm-none-eabi/5.4.1/../../../../arm-none-eabi/lib/armv7e-m/fpu\libc.a(lib_a-mprec.o)
                0x0804e638                __pow5mult
 .text.__lshift
                0x0804e6d8       0xb0 c:/program files (x86)/gnu tools arm embedded/5.4 2016q3/bin/../lib/gcc/arm-none-eabi/5.4.1/../../../../arm-none-eabi/lib/armv7e-m/fpu\libc.a(lib_a-mprec.o)
                0x0804e6d8                __lshift
 .text.__mcmp   0x0804e788       0x44 c:/program files (x86)/gnu tools arm embedded/5.4 2016q3/bin/../lib/gcc/arm-none-eabi/5.4.1/../../../../arm-none-eabi/lib/armv7e-m/fpu\libc.a(lib_a-mprec.o)
                0x0804e788                __mcmp
 .text.__mdiff  0x0804e7cc      0x114 c:/program files (x86)/gnu tools arm embedded/5.4 2016q3/bin/../lib/gcc/arm-none-eabi/5.4.1/../../../../arm-none-eabi/lib/armv7e-m/fpu\libc.a(lib_a-mprec.o)
                0x0804e7cc                __mdiff
 .text.__d2b    0x0804e8e0       0xbc c:/program files (x86)/gnu tools arm embedded/5.4 2016q3/bin/../lib/gcc/arm-none-eabi/5.4.1/../../../../arm-none-eabi/lib/armv7e-m/fpu\libc.a(lib_a-mprec.o)
                0x0804e8e0                __d2b
 .text._sbrk_r  0x0804e99c       0x24 c:/program files (x86)/gnu tools arm embedded/5.4 2016q3/bin/../lib/gcc/arm-none-eabi/5.4.1/../../../../arm-none-eabi/lib/armv7e-m/fpu\libc.a(lib_a-sbrkr.o)
                0x0804e99c                _sbrk_r
 .text          0x0804e9c0       0xdc c:/program files (x86)/gnu tools arm embedded/5.4 2016q3/bin/../lib/gcc/arm-none-eabi/5.4.1/../../../../arm-none-eabi/lib/armv7e-m/fpu\libc.a(lib_a-strlen.o)
                0x0804e9c0                strlen
 .text.__ssprint_r
                0x0804ea9c      0x100 c:/program files (x86)/gnu tools arm embedded/5.4 2016q3/bin/../lib/gcc/arm-none-eabi/5.4.1/../../../../arm-none-eabi/lib/armv7e-m/fpu\libc.a(lib_a-svfiprintf.o)
                0x0804ea9c                __ssprint_r
 .text.__register_exitproc
                0x0804eb9c       0xa4 c:/program files (x86)/gnu tools arm embedded/5.4 2016q3/bin/../lib/gcc/arm-none-eabi/5.4.1/../../../../arm-none-eabi/lib/armv7e-m/fpu\libc.a(lib_a-__atexit.o)
                0x0804eb9c                __register_exitproc
 .text._calloc_r
                0x0804ec40       0x60 c:/program files (x86)/gnu tools arm embedded/5.4 2016q3/bin/../lib/gcc/arm-none-eabi/5.4.1/../../../../arm-none-eabi/lib/armv7e-m/fpu\libc.a(lib_a-callocr.o)
                0x0804ec40                _calloc_r
 .text._malloc_trim_r
                0x0804eca0       0x9c c:/program files (x86)/gnu tools arm embedded/5.4 2016q3/bin/../lib/gcc/arm-none-eabi/5.4.1/../../../../arm-none-eabi/lib/armv7e-m/fpu\libc.a(lib_a-freer.o)
                0x0804eca0                _malloc_trim_r
 .text._free_r  0x0804ed3c      0x1d0 c:/program files (x86)/gnu tools arm embedded/5.4 2016q3/bin/../lib/gcc/arm-none-eabi/5.4.1/../../../../arm-none-eabi/lib/armv7e-m/fpu\libc.a(lib_a-freer.o)
                0x0804ed3c                _free_r
 .text.__ascii_mbtowc
                0x0804ef0c       0x2c c:/program files (x86)/gnu tools arm embedded/5.4 2016q3/bin/../lib/gcc/arm-none-eabi/5.4.1/../../../../arm-none-eabi/lib/armv7e-m/fpu\libc.a(lib_a-mbtowc_r.o)
                0x0804ef0c                __ascii_mbtowc
 .text.memmove  0x0804ef38       0xc8 c:/program files (x86)/gnu tools arm embedded/5.4 2016q3/bin/../lib/gcc/arm-none-eabi/5.4.1/../../../../arm-none-eabi/lib/armv7e-m/fpu\libc.a(lib_a-memmove.o)
                0x0804ef38                memmove
 .text._realloc_r
                0x0804f000      0x3e0 c:/program files (x86)/gnu tools arm embedded/5.4 2016q3/bin/../lib/gcc/arm-none-eabi/5.4.1/../../../../arm-none-eabi/lib/armv7e-m/fpu\libc.a(lib_a-reallocr.o)
                0x0804f000                _realloc_r
 .text.__ascii_wctomb
                0x0804f3e0       0x1c c:/program files (x86)/gnu tools arm embedded/5.4 2016q3/bin/../lib/gcc/arm-none-eabi/5.4.1/../../../../arm-none-eabi/lib/armv7e-m/fpu\libc.a(lib_a-wctomb_r.o)
                0x0804f3e0                __ascii_wctomb
 .text          0x0804f3fc       0x30 c:/program files (x86)/gnu tools arm embedded/5.4 2016q3/bin/../lib/gcc/arm-none-eabi/5.4.1/armv7e-m/fpu\libgcc.a(_aeabi_uldivmod.o)
                0x0804f3fc                __aeabi_uldivmod
 .text          0x0804f42c      0x2e4 c:/program files (x86)/gnu tools arm embedded/5.4 2016q3/bin/../lib/gcc/arm-none-eabi/5.4.1/armv7e-m/fpu\libgcc.a(_udivmoddi4.o)
                0x0804f42c                __udivmoddi4
 .text          0x0804f710        0x4 c:/program files (x86)/gnu tools arm embedded/5.4 2016q3/bin/../lib/gcc/arm-none-eabi/5.4.1/armv7e-m/fpu\libgcc.a(_dvmd_tls.o)
                0x0804f710                __aeabi_idiv0
                0x0804f710                __aeabi_ldiv0
 *(.init)
 .init          0x0804f714        0x4 c:/program files (x86)/gnu tools arm embedded/5.4 2016q3/bin/../lib/gcc/arm-none-eabi/5.4.1/armv7e-m/fpu/crti.o
                0x0804f714                _init
 .init          0x0804f718        0x8 c:/program files (x86)/gnu tools arm embedded/5.4 2016q3/bin/../lib/gcc/arm-none-eabi/5.4.1/armv7e-m/fpu/crtn.o
 *(.fini)
 .fini          0x0804f720        0x4 c:/program files (x86)/gnu tools arm embedded/5.4 2016q3/bin/../lib/gcc/arm-none-eabi/5.4.1/armv7e-m/fpu/crti.o
                0x0804f720                _fini
 .fini          0x0804f724        0x8 c:/program files (x86)/gnu tools arm embedded/5.4 2016q3/bin/../lib/gcc/arm-none-eabi/5.4.1/armv7e-m/fpu/crtn.o
 *crtbegin.o(.ctors)
 *crtbegin?.o(.ctors)
 *(EXCLUDE_FILE(*crtend.o *crtend?.o) .ctors)
 *(SORT(.ctors.*))
 *(.ctors)
 *crtbegin.o(.dtors)
 *crtbegin?.o(.dtors)
 *(EXCLUDE_FILE(*crtend.o *crtend?.o) .dtors)
 *(SORT(.dtors.*))
 *(.dtors)
 *(.rodata*)
 .rodata        0x0804f72c      0x1c4 ..\obj\bw_global_var.o
                0x0804f72c                STAIRS_DETECTED
                0x0804f730                STAIRS_NOT_DETECTED
                0x0804f734                STAIRS_DETECTOR_ACTIVATED
                0x0804f738                STAIRS_DETECTOR_DEACTIVATED
                0x0804f73c                FRONT_LEFT_DX_COXA
                0x0804f740                FRONT_LEFT_DX_FEMUR
                0x0804f744                FRONT_LEFT_DX_TIBIA
                0x0804f748                MIDDLE_LEFT_DX_COXA
                0x0804f74c                MIDDLE_LEFT_DX_FEMUR
                0x0804f750                MIDDLE_LEFT_DX_TIBIA
                0x0804f754                REAR_LEFT_DX_COXA
                0x0804f758                REAR_LEFT_DX_FEMUR
                0x0804f75c                REAR_LEFT_DX_TIBIA
                0x0804f760                FRONT_RIGHT_DX_COXA
                0x0804f764                FRONT_RIGHT_DX_FEMUR
                0x0804f768                FRONT_RIGHT_DX_TIBIA
                0x0804f76c                MIDDLE_RIGHT_DX_COXA
                0x0804f770                MIDDLE_RIGHT_DX_FEMUR
                0x0804f774                MIDDLE_RIGHT_DX_TIBIA
                0x0804f778                REAR_RIGHT_DX_COXA
                0x0804f77c                REAR_RIGHT_DX_FEMUR
                0x0804f780                REAR_RIGHT_DX_TIBIA
                0x0804f784                GRIPPER_UP
                0x0804f788                GRIPPER_CLIP
                0x0804f78c                CLEANER
                0x0804f790                DYNA_EXT_ID
                0x0804f794                A_const
                0x0804f7dc                B_const
                0x0804f824                leg_1
                0x0804f83c                leg_norm
                0x0804f854                alpha
                0x0804f86c                Gyro_Sensitivity_1000s
                0x0804f870                Gyro_Sensitivity_2000s
                0x0804f874                TCS_CALIBRATE_WHITE
                0x0804f878                TCS_CALIBRATE_BLACK
                0x0804f87c                TCS_CALIBRATE_GRAY
                0x0804f880                TCS_CALIBRATE_GETRULE
                0x0804f884                TCS_FRONT_SHOW_THRESHOLD
                0x0804f888                TCS_MIDDLE_SHOW_THRESHOLD
                0x0804f88c                IMU_CMD_SEND_RAW
                0x0804f890                SOUNDCHECK
                0x0804f894                FOLLOW_TRACER_WHITE
                0x0804f898                FOLLOW_CARPET_ACTIVE
                0x0804f89c                FOLLOW_COLOUR_DISABLE
                0x0804f8a0                TRACER_CALIBRATE_GRAY
                0x0804f8a4                TRACER_CALIBRATE_WHITE
                0x0804f8a8                TRACER_CALIBRATE_BLACK
                0x0804f8ac                TRACER_CALIBRATE_GETRULE
                0x0804f8b0                LEFT_FOLLOW
                0x0804f8b4                RIGHT_FOLLOW
                0x0804f8b8                X_BODY_OFFSET
                0x0804f8d0                Y_BODY_OFFSET
                0x0804f8e8                X_STATIC_OFFSET
                0x0804f8ec                Y_STATIC_OFFSET
 .rodata        0x0804f8f0        0xe ..\obj\bw_dynamixel_ax_12a.o
 *fill*         0x0804f8fe        0x2 
 .rodata        0x0804f900       0x10 ..\obj\bw_i2c_lcd.o
 .rodata        0x0804f910       0x81 ..\obj\bw_rotary_switch.o
 *fill*         0x0804f991        0x3 
 .rodata        0x0804f994      0x165 ..\obj\bw_user_interface.o
 *fill*         0x0804faf9        0x3 
 .rodata        0x0804fafc      0x159 ..\obj\mz_servo_pwm.o
 *fill*         0x0804fc55        0x3 
 .rodata        0x0804fc58      0x260 ..\obj\main.o
 .rodata        0x0804feb8       0x92 ..\obj\bw_ping_receiver.o
 *fill*         0x0804ff4a        0x2 
 .rodata        0x0804ff4c      0x4ec ..\obj\bw_2021_algorithm.o
 .rodata        0x08050438      0xf7b ..\obj\bw2017_algorithm.o
 *fill*         0x080513b3        0x1 
 .rodata        0x080513b4       0xb1 ..\obj\bw_pid_controller.o
 *fill*         0x08051465        0x3 
 .rodata        0x08051468      0x26a ..\obj\bw_dynamixel_hexapod_cmd.o
 *fill*         0x080516d2        0x2 
 .rodata        0x080516d4      0x385 ..\obj\bw_cmps11.o
 *fill*         0x08051a59        0x3 
 .rodata        0x08051a5c       0x4c ..\obj\bw_jetson_coms.o
 .rodata        0x08051aa8      0x226 ..\obj\bw_tcs3200_receiver.o
 *fill*         0x08051cce        0x2 
 .rodata        0x08051cd0       0xad ..\obj\bw_gripper_2021.o
 *fill*         0x08051d7d        0x3 
 .rodata.atanlo
                0x08051d80       0x20 c:/program files (x86)/gnu tools arm embedded/5.4 2016q3/bin/../lib/gcc/arm-none-eabi/5.4.1/../../../../arm-none-eabi/lib/armv7e-m/fpu\libm.a(lib_a-s_atan.o)
 .rodata.atanhi
                0x08051da0       0x20 c:/program files (x86)/gnu tools arm embedded/5.4 2016q3/bin/../lib/gcc/arm-none-eabi/5.4.1/../../../../arm-none-eabi/lib/armv7e-m/fpu\libm.a(lib_a-s_atan.o)
 .rodata.str1.4
                0x08051dc0        0x5 c:/program files (x86)/gnu tools arm embedded/5.4 2016q3/bin/../lib/gcc/arm-none-eabi/5.4.1/../../../../arm-none-eabi/lib/armv7e-m/fpu\libm.a(lib_a-w_acos.o)
                                  0x9 (size before relaxing)
 *fill*         0x08051dc5        0x3 
 .rodata.str1.4
                0x08051dc8        0x4 c:/program files (x86)/gnu tools arm embedded/5.4 2016q3/bin/../lib/gcc/arm-none-eabi/5.4.1/../../../../arm-none-eabi/lib/armv7e-m/fpu\libm.a(lib_a-w_pow.o)
 .rodata.str1.4
                0x08051dcc        0x5 c:/program files (x86)/gnu tools arm embedded/5.4 2016q3/bin/../lib/gcc/arm-none-eabi/5.4.1/../../../../arm-none-eabi/lib/armv7e-m/fpu\libm.a(lib_a-w_sqrt.o)
 .rodata.str1.4
                0x08051dd1        0x1 c:/program files (x86)/gnu tools arm embedded/5.4 2016q3/bin/../lib/gcc/arm-none-eabi/5.4.1/../../../../arm-none-eabi/lib/armv7e-m/fpu\libm.a(lib_a-e_pow.o)
 *fill*         0x08051dd1        0x3 
 .rodata.npio2_hw
                0x08051dd4       0x80 c:/program files (x86)/gnu tools arm embedded/5.4 2016q3/bin/../lib/gcc/arm-none-eabi/5.4.1/../../../../arm-none-eabi/lib/armv7e-m/fpu\libm.a(lib_a-e_rem_pio2.o)
 .rodata.two_over_pi
                0x08051e54      0x108 c:/program files (x86)/gnu tools arm embedded/5.4 2016q3/bin/../lib/gcc/arm-none-eabi/5.4.1/../../../../arm-none-eabi/lib/armv7e-m/fpu\libm.a(lib_a-e_rem_pio2.o)
 .rodata.init_jk
                0x08051f5c       0x10 c:/program files (x86)/gnu tools arm embedded/5.4 2016q3/bin/../lib/gcc/arm-none-eabi/5.4.1/../../../../arm-none-eabi/lib/armv7e-m/fpu\libm.a(lib_a-k_rem_pio2.o)
 *fill*         0x08051f6c        0x4 
 .rodata.PIo2   0x08051f70       0x40 c:/program files (x86)/gnu tools arm embedded/5.4 2016q3/bin/../lib/gcc/arm-none-eabi/5.4.1/../../../../arm-none-eabi/lib/armv7e-m/fpu\libm.a(lib_a-k_rem_pio2.o)
 .rodata.TWO52  0x08051fb0       0x10 c:/program files (x86)/gnu tools arm embedded/5.4 2016q3/bin/../lib/gcc/arm-none-eabi/5.4.1/../../../../arm-none-eabi/lib/armv7e-m/fpu\libm.a(lib_a-s_rint.o)
 .rodata._global_impure_ptr
                0x08051fc0        0x4 c:/program files (x86)/gnu tools arm embedded/5.4 2016q3/bin/../lib/gcc/arm-none-eabi/5.4.1/../../../../arm-none-eabi/lib/armv7e-m/fpu\libc.a(lib_a-impure.o)
                0x08051fc0                _global_impure_ptr
 .rodata.zeroes.7258
                0x08051fc4       0x10 c:/program files (x86)/gnu tools arm embedded/5.4 2016q3/bin/../lib/gcc/arm-none-eabi/5.4.1/../../../../arm-none-eabi/lib/armv7e-m/fpu\libc.a(lib_a-svfprintf.o)
 .rodata.str1.4
                0x08051fd4       0x42 c:/program files (x86)/gnu tools arm embedded/5.4 2016q3/bin/../lib/gcc/arm-none-eabi/5.4.1/../../../../arm-none-eabi/lib/armv7e-m/fpu\libc.a(lib_a-svfprintf.o)
 *fill*         0x08052016        0x2 
 .rodata.blanks.7257
                0x08052018       0x10 c:/program files (x86)/gnu tools arm embedded/5.4 2016q3/bin/../lib/gcc/arm-none-eabi/5.4.1/../../../../arm-none-eabi/lib/armv7e-m/fpu\libc.a(lib_a-svfprintf.o)
 .rodata.str1.4
                0x08052028       0x10 c:/program files (x86)/gnu tools arm embedded/5.4 2016q3/bin/../lib/gcc/arm-none-eabi/5.4.1/../../../../arm-none-eabi/lib/armv7e-m/fpu\libc.a(lib_a-dtoa.o)
                                 0x12 (size before relaxing)
 .rodata.__mprec_tens
                0x08052038       0xc8 c:/program files (x86)/gnu tools arm embedded/5.4 2016q3/bin/../lib/gcc/arm-none-eabi/5.4.1/../../../../arm-none-eabi/lib/armv7e-m/fpu\libc.a(lib_a-mprec.o)
                0x08052038                __mprec_tens
 .rodata.__mprec_bigtens
                0x08052100       0x28 c:/program files (x86)/gnu tools arm embedded/5.4 2016q3/bin/../lib/gcc/arm-none-eabi/5.4.1/../../../../arm-none-eabi/lib/armv7e-m/fpu\libc.a(lib_a-mprec.o)
                0x08052100                __mprec_bigtens
 .rodata.p05.6087
                0x08052128        0xc c:/program files (x86)/gnu tools arm embedded/5.4 2016q3/bin/../lib/gcc/arm-none-eabi/5.4.1/../../../../arm-none-eabi/lib/armv7e-m/fpu\libc.a(lib_a-mprec.o)
 .rodata.str1.4
                0x08052134       0x10 c:/program files (x86)/gnu tools arm embedded/5.4 2016q3/bin/../lib/gcc/arm-none-eabi/5.4.1/../../../../arm-none-eabi/lib/armv7e-m/fpu\libc.a(lib_a-locale.o)
                                 0x12 (size before relaxing)
 .rodata._ctype_
                0x08052144      0x101 c:/program files (x86)/gnu tools arm embedded/5.4 2016q3/bin/../lib/gcc/arm-none-eabi/5.4.1/../../../../arm-none-eabi/lib/armv7e-m/fpu\libc.a(lib_a-ctype_.o)
                0x08052144                _ctype_
 *(.eh_fram e*)

.eh_frame       0x08052248        0x0
 .eh_frame      0x08052248        0x0 c:/program files (x86)/gnu tools arm embedded/5.4 2016q3/bin/../lib/gcc/arm-none-eabi/5.4.1/armv7e-m/fpu/crtbegin.o

.glue_7         0x08052248        0x0
 .glue_7        0x08052248        0x0 linker stubs

.glue_7t        0x08052248        0x0
 .glue_7t       0x08052248        0x0 linker stubs

.vfp11_veneer   0x08052248        0x0
 .vfp11_veneer  0x08052248        0x0 linker stubs

.v4_bx          0x08052248        0x0
 .v4_bx         0x08052248        0x0 linker stubs

.iplt           0x08052248        0x0
 .iplt          0x08052248        0x0 c:/program files (x86)/gnu tools arm embedded/5.4 2016q3/bin/../lib/gcc/arm-none-eabi/5.4.1/armv7e-m/fpu/crtbegin.o

.ARM.extab
 *(.ARM.extab* .gnu.linkonce.armextab.*)
                0x08052248                __exidx_start = .

.ARM.exidx      0x08052248        0x8
 *(.ARM.exidx* .gnu.linkonce.armexidx.*)
 .ARM.exidx     0x08052248        0x8 c:/program files (x86)/gnu tools arm embedded/5.4 2016q3/bin/../lib/gcc/arm-none-eabi/5.4.1/armv7e-m/fpu\libgcc.a(_udivmoddi4.o)
                0x08052250                __exidx_end = .
                0x08052250                __etext = .
                0x08052250                _sidata = __etext

.rel.dyn        0x08052250        0x0
 .rel.iplt      0x08052250        0x0 c:/program files (x86)/gnu tools arm embedded/5.4 2016q3/bin/../lib/gcc/arm-none-eabi/5.4.1/armv7e-m/fpu/crtbegin.o

.data           0x20000000     0x13c0 load address 0x08052250
                0x20000000                __data_start__ = .
                0x20000000                _sdata = __data_start__
 *(vtable)
 *(.data*)
 .data          0x20000000      0x9df ..\obj\bw_global_var.o
                0x20000000                START_BUTTON_CMD
                0x20000004                RCV_IDLE
                0x20000008                RCV_START
                0x2000000c                RCV_BUTTON_A
                0x20000010                RCV_BUTTON_B
                0x20000014                COLOUR_GRAY
                0x20000018                COLOUR_WHITE
                0x2000001c                COLOUR_RED
                0x20000020                COLOUR_BLUE
                0x20000024                FRONT_TCS3200
                0x20000028                MID_TCS3200
                0x2000002c                CANDLE_CIRCLE_DETECTED
                0x20000030                ZONE_BLACK
                0x20000034                ZONE_RED
                0x20000038                ZONE_BLUE
                0x2000003c                TRACER
                0x20000040                BW_LOCATION
                0x20000048                LOCATION_ROOM
                0x2000004c                FOLLOW_KIRI
                0x20000050                FOLLOW_KANAN
                0x20000054                SHIFT_FOLLOW
                0x20000058                FOLLOW_CARPET_MODE
                0x2000005c                COLOUR_BUF
                0x20000060                CAT_DETECTED
                0x20000064                CAT_ACTIVATED
                0x20000068                UV_R2FLAG_ACTIVE
                0x2000006c                led_counter
                0x2000006e                sensor_UV_front
                0x2000006f                sensor_UV_back
                0x20000070                COMMAND_FLAG_A
                0x20000074                COMMAND_FLAG_B
                0x20000078                COMMAND_COMPLETED
                0x2000007c                COMMAND_NOT_RECEIVED
                0x20000080                REAR_THRESHOLD
                0x20000084                IN_ROOM_STAT
                0x20000088                SUDUT_STATIC
                0x200000d0                SUDUT_STATIC_BWD
                0x20000118                SUDUT_ANGKAT
                0x2000011c                LIFT_ANGLE
                0x20000128                DG_GRIP_DOWN
                0x2000012c                DG_GRIP_UP
                0x20000130                FOLLOW_HOME_KIRI
                0x20000134                R4B_MID_FOLLOW
                0x20000138                R4AB_KIRI_FOLLOW
                0x2000013c                R4AB_KANAN_FOLLOW
                0x20000140                IKFWD_COXA_R
                0x2000014c                IKFWD_TIBIA_R
                0x20000158                IKFWD_COXA_L
                0x20000164                IKFWD_TIBIA_L
                0x20000170                IKFWD_COXA_R1
                0x2000017c                IKFWD_TIBIA_R1
                0x20000188                IKFWD_COXA_L1
                0x20000194                IKFWD_TIBIA_L1
                0x200001a0                IKFWD_COXA_R2
                0x200001ac                IKFWD_TIBIA_R2
                0x200001b8                IKFWD_COXA_L2
                0x200001c4                IKFWD_TIBIA_L2
                0x200001d0                IKFWD_COXA_R3
                0x200001dc                IKFWD_TIBIA_R3
                0x200001e8                IKFWD_COXA_L3
                0x200001f4                IKFWD_TIBIA_L3
                0x20000200                IKCRVR_COXA_R2
                0x2000020c                IKCRVR_TIBIA_R2
                0x20000218                IKCRVR_COXA_L2
                0x20000224                IKCRVR_TIBIA_L2
                0x20000230                IKRPID_COXA_R2
                0x2000023c                IKRPID_TIBIA_R2
                0x20000248                IKCRVR_COXA_R
                0x20000254                IKCRVR_TIBIA_R
                0x20000260                IKCRVR_COXA_L
                0x2000026c                IKCRVR_TIBIA_L
                0x20000278                IKRPID_COXA_R
                0x20000284                IKRPID_TIBIA_R
                0x20000290                IKSLR_COXA
                0x2000029c                IKSLR_TIBIA
                0x200002ac                IKSLR_COXA1
                0x200002b8                IKSLR_TIBIA1
                0x200002c8                IKSLR_COXA2
                0x200002d4                IKSLR_TIBIA2
                0x200002e4                IKCRVL_COXA_R
                0x200002f0                IKCRVL_TIBIA_R
                0x200002fc                IKCRVL_COXA_L
                0x20000308                IKCRVL_TIBIA_L
                0x20000314                IKLPID_COXA_L
                0x20000320                IKLPID_TIBIA_L
                0x2000032c                IKCRVL_COXA_R2
                0x20000338                IKCRVL_TIBIA_R2
                0x20000344                IKCRVL_COXA_L2
                0x20000350                IKCRVL_TIBIA_L2
                0x2000035c                IKLPID_COXA_L2
                0x20000368                IKLPID_TIBIA_L2
                0x20000374                IKSLL_COXA
                0x20000380                IKSLL_TIBIA
                0x20000390                IKSLL_COXA1
                0x2000039c                IKSLL_TIBIA1
                0x200003ac                IKSLL_COXA2
                0x200003b8                IKSLL_TIBIA2
                0x200003c8                IKBWD_COXA_R
                0x200003d4                IKBWD_TIBIA_R
                0x200003e0                IKBWD_COXA_L
                0x200003ec                IKBWD_TIBIA_L
                0x200003f8                IKCRVRR_COXA_L
                0x20000404                IKCRVRR_TIBIA_L
                0x20000410                IKCRVRR_COXA_R
                0x2000041c                IKCRVRR_TIBIA_R
                0x20000428                IKPIDR_COXA_L
                0x20000434                IKPIDR_TIBIA_L
                0x20000440                IKCRVLR_COXA_L
                0x2000044c                IKCRVLR_TIBIA_L
                0x20000458                IKCRVLR_COXA_R
                0x20000464                IKCRVLR_TIBIA_R
                0x20000470                IKPIDR_COXA_R
                0x2000047c                IKPIDR_TIBIA_R
                0x20000488                sudut
                0x200004d0                correct
                0x20000518                MPU6050_PWR_MGMT_1
                0x2000051c                MPU6050_GYRO_CONFIG
                0x20000520                MPU6050_ACCEL_CONFIG
                0x20000524                Gyro_Sensitivity_500s
                0x20000528                PI
                0x20000530                GRAVITY
                0x20000538                TEST
                0x2000053c                CALIBRATION_STAT
                0x20000540                HOME_CIRCLE_DETECTED
                0x20000544                FOLLOWHOME_ACTIVE
                0x20000548                CROSS_ENABLED
                0x2000054c                CROSSING_SUCCESS
                0x20000550                CROSSING_FAILED
                0x20000554                STEALFIRE_SUCCESS
                0x20000558                STEALFIRE_FAILED
                0x2000055c                ENEMY_ZONE
                0x20000560                SPECIAL_CONDITION_ENABLED
                0x20000564                ROOM_FLAG
                0x2000056c                PREVIOUS_ROOM
                0x20000570                OTHER_ROOM
                0x20000574                ROOM_ONE
                0x20000578                WARZONE
                0x2000057c                VAR_DOOR_DETECTED
                0x20000580                VAR_DOOR_SCAN
                0x20000584                FOLLOW_CARPET_ENABLED
                0x20000588                FOLLOW_CARPET_ESCAPE_TRAP
                0x2000058c                GET_VERSION
                0x20000590                GET_ANGLE_8_BIT
                0x20000594                GET_ANGLE_16_BIT
                0x20000598                GET_PITCH
                0x2000059c                GET_ROLL
                0x200005a0                GET_PITCH_NO_KF
                0x200005a4                GET_ROLL_NO_KF
                0x200005a8                GET_MAG_RAW
                0x200005ac                GET_ACCEL_RAW
                0x200005b0                GET_GYRO_RAW
                0x200005b4                GET_TEMP
                0x200005b8                GET_ALL
                0x200005bc                CALIBRATE_BYTE_1
                0x200005c0                CALIBRATE_BYTE_2
                0x200005c4                CALIBRATE_BYTE_3_FULL
                0x200005c8                CALIBRATE_BYTE_3_FLAT
                0x200005cc                CALIBRATE_EXIT
                0x200005d0                RESTORE_1
                0x200005d4                RESTORE_2
                0x200005d8                RESTORE_3
                0x200005dc                BAUD_19200
                0x200005e0                BAUD_38400
                0x200005e4                FlameValueNew
                0x200005ec                ENABLE_UV1
                0x200005f0                ENABLE_UV2
                0x200005f4                TRACER_GRIPPER
                0x200005f8                TRACER_BOTTOM
                0x200005fc                FRONT_PREVIOUS
                0x20000600                MIDDLE_PRESENT
                0x20000604                MIDDLE_PREVIOUS
                0x20000608                DUMMY_DATA_A
                0x2000060c                DUMMY_DATA_G
                0x20000610                TRIAL_MODE
                0x20000614                CALIBRATION_MODE
                0x20000618                BUTTON_A
                0x2000061c                BUTTON_B
                0x20000620                CMD_COMPLETED
                0x20000624                CMD_IDLE
                0x20000628                TRACER_CMD_SEND_RGB
                0x2000062c                TCS_CMD_SEND_RAW
                0x20000630                TRACER_CMD_SEND_RAW
                0x20000634                TCS_CMD_SEND_CONCLUSION
                0x20000638                TCS_CMD_SAVE_EEPROM
                0x2000063c                BW_SOUND_ACTIVATED
                0x20000640                HYBRID_CMD_SEND_THRESHOLD
                0x20000644                CMD_GET_TCS3200
                0x20000648                CMD_GET_TRACER
                0x2000064c                CMD_TRACER_COPY_DATA
                0x20000650                ROOM
                0x20000668                ROOM_1A
                0x2000066c                ROOM_1B
                0x20000670                ROOM_1C
                0x20000674                ROOM_2A